This file contains any messages produced by compilers while
running configure, to aid debugging if configure makes a mistake.

It was created by Zangband configure 2.7.6, which was
generated by GNU Autoconf 2.59.  Invocation command line was

  $ ./configure 

## --------- ##
## Platform. ##
## --------- ##

hostname = elysium
uname -m = x86_64
uname -r = 7.0.0-31-generic
uname -s = Linux
uname -v = #31~24.04.1-Ubuntu SMP PREEMPT_DYNAMIC Mon Aug 10 09:38:02 UTC 2

/usr/bin/uname -p = x86_64
/bin/uname -X     = unknown

/bin/arch              = x86_64
/usr/bin/arch -k       = unknown
/usr/convex/getsysinfo = unknown
hostinfo               = unknown
/bin/machine           = unknown
/usr/bin/oslevel       = unknown
/bin/universe          = unknown

PATH: /home/ryan/.local/bin
PATH: /home/ryan/.npm-global/bin
PATH: /home/ryan/go/bin
PATH: /home/ryan/.go/bin
PATH: /home/ryan/.local/bin
PATH: /usr/local/sbin
PATH: /usr/local/bin
PATH: /usr/sbin
PATH: /usr/bin
PATH: /sbin
PATH: /bin
PATH: /usr/games
PATH: /usr/local/games
PATH: /snap/bin
PATH: /home/ryan/.dotnet/tools


## ----------- ##
## Core tests. ##
## ----------- ##

configure:1428: checking for gcc
configure:1444: found /usr/bin/gcc
configure:1454: result: gcc
configure:1698: checking for C compiler version
configure:1701: gcc --version </dev/null >&5
gcc (Ubuntu 13.3.0-6ubuntu2~24.04.1) 13.3.0
Copyright (C) 2023 Free Software Foundation, Inc.
This is free software; see the source for copying conditions.  There is NO
warranty; not even for MERCHANTABILITY or FITNESS FOR A PARTICULAR PURPOSE.

configure:1704: $? = 0
configure:1706: gcc -v </dev/null >&5
Using built-in specs.
COLLECT_GCC=gcc
COLLECT_LTO_WRAPPER=/usr/libexec/gcc/x86_64-linux-gnu/13/lto-wrapper
OFFLOAD_TARGET_NAMES=nvptx-none:amdgcn-amdhsa
OFFLOAD_TARGET_DEFAULT=1
Target: x86_64-linux-gnu
Configured with: ../src/configure -v --with-pkgversion='Ubuntu 13.3.0-6ubuntu2~24.04.1' --with-bugurl=file:///usr/share/doc/gcc-13/README.Bugs --enable-languages=c,ada,c++,go,d,fortran,objc,obj-c++,m2 --prefix=/usr --with-gcc-major-version-only --program-suffix=-13 --program-prefix=x86_64-linux-gnu- --enable-shared --enable-linker-build-id --libexecdir=/usr/libexec --without-included-gettext --enable-threads=posix --libdir=/usr/lib --enable-nls --enable-bootstrap --enable-clocale=gnu --enable-libstdcxx-debug --enable-libstdcxx-time=yes --with-default-libstdcxx-abi=new --enable-libstdcxx-backtrace --enable-gnu-unique-object --disable-vtable-verify --enable-plugin --enable-default-pie --with-system-zlib --enable-libphobos-checking=release --with-target-system-zlib=auto --enable-objc-gc=auto --enable-multiarch --disable-werror --enable-cet --with-arch-32=i686 --with-abi=m64 --with-multilib-list=m32,m64,mx32 --enable-multilib --with-tune=generic --enable-offload-targets=nvptx-none=/build/gcc-13-EldibY/gcc-13-13.3.0/debian/tmp-nvptx/usr,amdgcn-amdhsa=/build/gcc-13-EldibY/gcc-13-13.3.0/debian/tmp-gcn/usr --enable-offload-defaulted --without-cuda-driver --enable-checking=release --build=x86_64-linux-gnu --host=x86_64-linux-gnu --target=x86_64-linux-gnu --with-build-config=bootstrap-lto-lean --enable-link-serialization=2
Thread model: posix
Supported LTO compression algorithms: zlib zstd
gcc version 13.3.0 (Ubuntu 13.3.0-6ubuntu2~24.04.1) 
configure:1709: $? = 0
configure:1711: gcc -V </dev/null >&5
gcc: error: unrecognized command-line option '-V'
gcc: fatal error: no input files
compilation terminated.
configure:1714: $? = 1
configure:1737: checking for C compiler default output file name
configure:1740: gcc    conftest.c  >&5
configure:1743: $? = 0
configure:1789: result: a.out
configure:1794: checking whether the C compiler works
configure:1800: ./a.out
configure:1803: $? = 0
configure:1820: result: yes
configure:1827: checking whether we are cross compiling
configure:1829: result: no
configure:1832: checking for suffix of executables
configure:1834: gcc -o conftest    conftest.c  >&5
configure:1837: $? = 0
configure:1862: result: 
configure:1868: checking for suffix of object files
configure:1889: gcc -c   conftest.c >&5
configure:1892: $? = 0
configure:1914: result: o
configure:1918: checking whether we are using the GNU C compiler
configure:1942: gcc -c   conftest.c >&5
configure:1948: $? = 0
configure:1952: test -z 
			 || test ! -s conftest.err
configure:1955: $? = 0
configure:1958: test -s conftest.o
configure:1961: $? = 0
configure:1974: result: yes
configure:1980: checking whether gcc accepts -g
configure:2001: gcc -c -g  conftest.c >&5
configure:2007: $? = 0
configure:2011: test -z 
			 || test ! -s conftest.err
configure:2014: $? = 0
configure:2017: test -s conftest.o
configure:2020: $? = 0
configure:2031: result: yes
configure:2048: checking for gcc option to accept ANSI C
configure:2118: gcc  -c -g -O2  conftest.c >&5
configure:2124: $? = 0
configure:2128: test -z 
			 || test ! -s conftest.err
configure:2131: $? = 0
configure:2134: test -s conftest.o
configure:2137: $? = 0
configure:2155: result: none needed
configure:2173: gcc -c -g -O2  conftest.c >&5
conftest.c:2:3: error: unknown type name 'choke'
    2 |   choke me
      |   ^~~~~
conftest.c:2:3: error: expected '=', ',', ';', 'asm' or '__attribute__' at end of input
configure:2179: $? = 1
configure: failed program was:
| #ifndef __cplusplus
|   choke me
| #endif
configure:2317: checking how to run the C preprocessor
configure:2352: gcc -E  conftest.c
configure:2358: $? = 0
configure:2390: gcc -E  conftest.c
conftest.c:9:10: fatal error: ac_nonexistent.h: No such file or directory
    9 | #include <ac_nonexistent.h>
      |          ^~~~~~~~~~~~~~~~~~
compilation terminated.
configure:2396: $? = 1
configure: failed program was:
| /* confdefs.h.  */
| 
| #define PACKAGE_NAME "Zangband"
| #define PACKAGE_TARNAME "zangband"
| #define PACKAGE_VERSION "2.7.6"
| #define PACKAGE_STRING "Zangband 2.7.6"
| #define PACKAGE_BUGREPORT "jj@jjnoo.com"
| /* end confdefs.h.  */
| #include <ac_nonexistent.h>
configure:2435: result: gcc -E
configure:2459: gcc -E  conftest.c
configure:2465: $? = 0
configure:2497: gcc -E  conftest.c
conftest.c:9:10: fatal error: ac_nonexistent.h: No such file or directory
    9 | #include <ac_nonexistent.h>
      |          ^~~~~~~~~~~~~~~~~~
compilation terminated.
configure:2503: $? = 1
configure: failed program was:
| /* confdefs.h.  */
| 
| #define PACKAGE_NAME "Zangband"
| #define PACKAGE_TARNAME "zangband"
| #define PACKAGE_VERSION "2.7.6"
| #define PACKAGE_STRING "Zangband 2.7.6"
| #define PACKAGE_BUGREPORT "jj@jjnoo.com"
| /* end confdefs.h.  */
| #include <ac_nonexistent.h>
configure:2573: checking for gtk-config
configure:2602: result: no
configure:2619: checking for X
configure:2724: gcc -E  conftest.c
conftest.c:9:10: fatal error: X11/Intrinsic.h: No such file or directory
    9 | #include <X11/Intrinsic.h>
      |          ^~~~~~~~~~~~~~~~~
compilation terminated.
configure:2730: $? = 1
configure: failed program was:
| /* confdefs.h.  */
| 
| #define PACKAGE_NAME "Zangband"
| #define PACKAGE_TARNAME "zangband"
| #define PACKAGE_VERSION "2.7.6"
| #define PACKAGE_STRING "Zangband 2.7.6"
| #define PACKAGE_BUGREPORT "jj@jjnoo.com"
| /* end confdefs.h.  */
| #include <X11/Intrinsic.h>
configure:2780: gcc -o conftest -g -O2   conftest.c -lXt  >&5
conftest.c:9:10: fatal error: X11/Intrinsic.h: No such file or directory
    9 | #include <X11/Intrinsic.h>
      |          ^~~~~~~~~~~~~~~~~
compilation terminated.
configure:2786: $? = 1
configure: failed program was:
| /* confdefs.h.  */
| 
| #define PACKAGE_NAME "Zangband"
| #define PACKAGE_TARNAME "zangband"
| #define PACKAGE_VERSION "2.7.6"
| #define PACKAGE_STRING "Zangband 2.7.6"
| #define PACKAGE_BUGREPORT "jj@jjnoo.com"
| /* end confdefs.h.  */
| #include <X11/Intrinsic.h>
| int
| main ()
| {
| XtMalloc (0)
|   ;
|   return 0;
| }
configure:2839: result: no
configure:2862: checking for library containing XCreateImage
configure:2892: gcc -o conftest -g -O2 -INONE   -LNONE conftest.c  >&5
/usr/bin/ld: /tmp/ccFpU0el.o: in function `main':
/home/ryan/Zangband/conftest.c:20:(.text.startup+0xb): undefined reference to `XCreateImage'
collect2: error: ld returned 1 exit status
configure:2898: $? = 1
configure: failed program was:
| /* confdefs.h.  */
| 
| #define PACKAGE_NAME "Zangband"
| #define PACKAGE_TARNAME "zangband"
| #define PACKAGE_VERSION "2.7.6"
| #define PACKAGE_STRING "Zangband 2.7.6"
| #define PACKAGE_BUGREPORT "jj@jjnoo.com"
| /* end confdefs.h.  */
| 
| /* Override any gcc2 internal prototype to avoid an error.  */
| #ifdef __cplusplus
| extern "C"
| #endif
| /* We use char because int might match the return type of a gcc2
|    builtin and then its argument prototype would still apply.  */
| char XCreateImage ();
| int
| main ()
| {
| XCreateImage ();
|   ;
|   return 0;
| }
configure:2947: gcc -o conftest -g -O2 -INONE   -LNONE conftest.c -lX11   >&5
configure:2953: $? = 0
configure:2957: test -z 
			 || test ! -s conftest.err
configure:2960: $? = 0
configure:2963: test -s conftest
configure:2966: $? = 0
configure:2981: result: -lX11
configure:3002: checking for main in -lXext
configure:3026: gcc -o conftest -g -O2 -INONE   -LNONE conftest.c -lXext  -lX11  >&5
/usr/bin/ld: cannot find -lXext: No such file or directory
collect2: error: ld returned 1 exit status
configure:3032: $? = 1
configure: failed program was:
| /* confdefs.h.  */
| 
| #define PACKAGE_NAME "Zangband"
| #define PACKAGE_TARNAME "zangband"
| #define PACKAGE_VERSION "2.7.6"
| #define PACKAGE_STRING "Zangband 2.7.6"
| #define PACKAGE_BUGREPORT "jj@jjnoo.com"
| #define USE_X11 1
| #define USE_XPJ 1
| /* end confdefs.h.  */
| 
| 
| int
| main ()
| {
| main ();
|   ;
|   return 0;
| }
configure:3058: result: no
configure:3071: checking for main in -lXm
configure:3095: gcc -o conftest -g -O2 -INONE   -LNONE conftest.c -lXm  -lX11  >&5
/usr/bin/ld: cannot find -lXm: No such file or directory
collect2: error: ld returned 1 exit status
configure:3101: $? = 1
configure: failed program was:
| /* confdefs.h.  */
| 
| #define PACKAGE_NAME "Zangband"
| #define PACKAGE_TARNAME "zangband"
| #define PACKAGE_VERSION "2.7.6"
| #define PACKAGE_STRING "Zangband 2.7.6"
| #define PACKAGE_BUGREPORT "jj@jjnoo.com"
| #define USE_X11 1
| #define USE_XPJ 1
| /* end confdefs.h.  */
| 
| 
| int
| main ()
| {
| main ();
|   ;
|   return 0;
| }
configure:3127: result: no
configure:3140: checking for main in -lXmu
configure:3164: gcc -o conftest -g -O2 -INONE   -LNONE conftest.c -lXmu  -lX11  >&5
/usr/bin/ld: cannot find -lXmu: No such file or directory
collect2: error: ld returned 1 exit status
configure:3170: $? = 1
configure: failed program was:
| /* confdefs.h.  */
| 
| #define PACKAGE_NAME "Zangband"
| #define PACKAGE_TARNAME "zangband"
| #define PACKAGE_VERSION "2.7.6"
| #define PACKAGE_STRING "Zangband 2.7.6"
| #define PACKAGE_BUGREPORT "jj@jjnoo.com"
| #define USE_X11 1
| #define USE_XPJ 1
| /* end confdefs.h.  */
| 
| 
| int
| main ()
| {
| main ();
|   ;
|   return 0;
| }
configure:3196: result: no
configure:3209: checking for main in -lXt
configure:3233: gcc -o conftest -g -O2 -INONE   -LNONE conftest.c -lXt  -lX11  >&5
/usr/bin/ld: cannot find -lXt: No such file or directory
collect2: error: ld returned 1 exit status
configure:3239: $? = 1
configure: failed program was:
| /* confdefs.h.  */
| 
| #define PACKAGE_NAME "Zangband"
| #define PACKAGE_TARNAME "zangband"
| #define PACKAGE_VERSION "2.7.6"
| #define PACKAGE_STRING "Zangband 2.7.6"
| #define PACKAGE_BUGREPORT "jj@jjnoo.com"
| #define USE_X11 1
| #define USE_XPJ 1
| /* end confdefs.h.  */
| 
| 
| int
| main ()
| {
| main ();
|   ;
|   return 0;
| }
configure:3265: result: no
configure:3278: checking for main in -lSM
configure:3302: gcc -o conftest -g -O2 -INONE   -LNONE conftest.c -lSM  -lX11  >&5
/usr/bin/ld: cannot find -lSM: No such file or directory
collect2: error: ld returned 1 exit status
configure:3308: $? = 1
configure: failed program was:
| /* confdefs.h.  */
| 
| #define PACKAGE_NAME "Zangband"
| #define PACKAGE_TARNAME "zangband"
| #define PACKAGE_VERSION "2.7.6"
| #define PACKAGE_STRING "Zangband 2.7.6"
| #define PACKAGE_BUGREPORT "jj@jjnoo.com"
| #define USE_X11 1
| #define USE_XPJ 1
| /* end confdefs.h.  */
| 
| 
| int
| main ()
| {
| main ();
|   ;
|   return 0;
| }
configure:3334: result: no
configure:3347: checking for main in -lXpm
configure:3371: gcc -o conftest -g -O2 -INONE   -LNONE conftest.c -lXpm  -lX11  >&5
/usr/bin/ld: cannot find -lXpm: No such file or directory
collect2: error: ld returned 1 exit status
configure:3377: $? = 1
configure: failed program was:
| /* confdefs.h.  */
| 
| #define PACKAGE_NAME "Zangband"
| #define PACKAGE_TARNAME "zangband"
| #define PACKAGE_VERSION "2.7.6"
| #define PACKAGE_STRING "Zangband 2.7.6"
| #define PACKAGE_BUGREPORT "jj@jjnoo.com"
| #define USE_X11 1
| #define USE_XPJ 1
| /* end confdefs.h.  */
| 
| 
| int
| main ()
| {
| main ();
|   ;
|   return 0;
| }
configure:3403: result: no
configure:3416: checking for main in -lGn
configure:3440: gcc -o conftest -g -O2 -INONE   -LNONE conftest.c -lGn  -lX11  >&5
/usr/bin/ld: cannot find -lGn: No such file or directory
collect2: error: ld returned 1 exit status
configure:3446: $? = 1
configure: failed program was:
| /* confdefs.h.  */
| 
| #define PACKAGE_NAME "Zangband"
| #define PACKAGE_TARNAME "zangband"
| #define PACKAGE_VERSION "2.7.6"
| #define PACKAGE_STRING "Zangband 2.7.6"
| #define PACKAGE_BUGREPORT "jj@jjnoo.com"
| #define USE_X11 1
| #define USE_XPJ 1
| /* end confdefs.h.  */
| 
| 
| int
| main ()
| {
| main ();
|   ;
|   return 0;
| }
configure:3472: result: no
configure:3485: checking for main in -lICE
configure:3509: gcc -o conftest -g -O2 -INONE   -LNONE conftest.c -lICE  -lX11  >&5
/usr/bin/ld: cannot find -lICE: No such file or directory
collect2: error: ld returned 1 exit status
configure:3515: $? = 1
configure: failed program was:
| /* confdefs.h.  */
| 
| #define PACKAGE_NAME "Zangband"
| #define PACKAGE_TARNAME "zangband"
| #define PACKAGE_VERSION "2.7.6"
| #define PACKAGE_STRING "Zangband 2.7.6"
| #define PACKAGE_BUGREPORT "jj@jjnoo.com"
| #define USE_X11 1
| #define USE_XPJ 1
| /* end confdefs.h.  */
| 
| 
| int
| main ()
| {
| main ();
|   ;
|   return 0;
| }
configure:3541: result: no
configure:3553: checking for library containing XawInitializeWidgetSet
configure:3583: gcc -o conftest -g -O2 -INONE   -LNONE conftest.c -lX11  >&5
/usr/bin/ld: /tmp/cc79Fmov.o: in function `main':
/home/ryan/Zangband/conftest.c:22:(.text.startup+0xb): undefined reference to `XawInitializeWidgetSet'
collect2: error: ld returned 1 exit status
configure:3589: $? = 1
configure: failed program was:
| /* confdefs.h.  */
| 
| #define PACKAGE_NAME "Zangband"
| #define PACKAGE_TARNAME "zangband"
| #define PACKAGE_VERSION "2.7.6"
| #define PACKAGE_STRING "Zangband 2.7.6"
| #define PACKAGE_BUGREPORT "jj@jjnoo.com"
| #define USE_X11 1
| #define USE_XPJ 1
| /* end confdefs.h.  */
| 
| /* Override any gcc2 internal prototype to avoid an error.  */
| #ifdef __cplusplus
| extern "C"
| #endif
| /* We use char because int might match the return type of a gcc2
|    builtin and then its argument prototype would still apply.  */
| char XawInitializeWidgetSet ();
| int
| main ()
| {
| XawInitializeWidgetSet ();
|   ;
|   return 0;
| }
configure:3638: gcc -o conftest -g -O2 -INONE   -LNONE conftest.c -lXaw  -lX11  >&5
/usr/bin/ld: cannot find -lXaw: No such file or directory
collect2: error: ld returned 1 exit status
configure:3644: $? = 1
configure: failed program was:
| /* confdefs.h.  */
| 
| #define PACKAGE_NAME "Zangband"
| #define PACKAGE_TARNAME "zangband"
| #define PACKAGE_VERSION "2.7.6"
| #define PACKAGE_STRING "Zangband 2.7.6"
| #define PACKAGE_BUGREPORT "jj@jjnoo.com"
| #define USE_X11 1
| #define USE_XPJ 1
| /* end confdefs.h.  */
| 
| /* Override any gcc2 internal prototype to avoid an error.  */
| #ifdef __cplusplus
| extern "C"
| #endif
| /* We use char because int might match the return type of a gcc2
|    builtin and then its argument prototype would still apply.  */
| char XawInitializeWidgetSet ();
| int
| main ()
| {
| XawInitializeWidgetSet ();
|   ;
|   return 0;
| }
configure:3672: result: no
configure:3685: checking for library containing initscr
configure:3715: gcc -o conftest -g -O2 -INONE   -LNONE conftest.c -lX11  >&5
/usr/bin/ld: /tmp/ccuiyziV.o: in function `main':
/home/ryan/Zangband/conftest.c:22:(.text.startup+0xb): undefined reference to `initscr'
collect2: error: ld returned 1 exit status
configure:3721: $? = 1
configure: failed program was:
| /* confdefs.h.  */
| 
| #define PACKAGE_NAME "Zangband"
| #define PACKAGE_TARNAME "zangband"
| #define PACKAGE_VERSION "2.7.6"
| #define PACKAGE_STRING "Zangband 2.7.6"
| #define PACKAGE_BUGREPORT "jj@jjnoo.com"
| #define USE_X11 1
| #define USE_XPJ 1
| /* end confdefs.h.  */
| 
| /* Override any gcc2 internal prototype to avoid an error.  */
| #ifdef __cplusplus
| extern "C"
| #endif
| /* We use char because int might match the return type of a gcc2
|    builtin and then its argument prototype would still apply.  */
| char initscr ();
| int
| main ()
| {
| initscr ();
|   ;
|   return 0;
| }
configure:3770: gcc -o conftest -g -O2 -INONE   -LNONE conftest.c -lncurses  -lX11  >&5
configure:3776: $? = 0
configure:3780: test -z 
			 || test ! -s conftest.err
configure:3783: $? = 0
configure:3786: test -s conftest
configure:3789: $? = 0
configure:3804: result: -lncurses
configure:3949: checking for library containing gtk_init_check
configure:3979: gcc -o conftest -g -O2 -INONE   -LNONE conftest.c -lncurses -lX11  >&5
/usr/bin/ld: /tmp/ccR4kwNp.o: in function `main':
/home/ryan/Zangband/conftest.c:23:(.text.startup+0xb): undefined reference to `gtk_init_check'
collect2: error: ld returned 1 exit status
configure:3985: $? = 1
configure: failed program was:
| /* confdefs.h.  */
| 
| #define PACKAGE_NAME "Zangband"
| #define PACKAGE_TARNAME "zangband"
| #define PACKAGE_VERSION "2.7.6"
| #define PACKAGE_STRING "Zangband 2.7.6"
| #define PACKAGE_BUGREPORT "jj@jjnoo.com"
| #define USE_X11 1
| #define USE_XPJ 1
| #define USE_GCU 1
| /* end confdefs.h.  */
| 
| /* Override any gcc2 internal prototype to avoid an error.  */
| #ifdef __cplusplus
| extern "C"
| #endif
| /* We use char because int might match the return type of a gcc2
|    builtin and then its argument prototype would still apply.  */
| char gtk_init_check ();
| int
| main ()
| {
| gtk_init_check ();
|   ;
|   return 0;
| }
configure:4034: gcc -o conftest -g -O2 -INONE   -LNONE conftest.c -lgtk  -lncurses -lX11  >&5
/usr/bin/ld: cannot find -lgtk: No such file or directory
collect2: error: ld returned 1 exit status
configure:4040: $? = 1
configure: failed program was:
| /* confdefs.h.  */
| 
| #define PACKAGE_NAME "Zangband"
| #define PACKAGE_TARNAME "zangband"
| #define PACKAGE_VERSION "2.7.6"
| #define PACKAGE_STRING "Zangband 2.7.6"
| #define PACKAGE_BUGREPORT "jj@jjnoo.com"
| #define USE_X11 1
| #define USE_XPJ 1
| #define USE_GCU 1
| /* end confdefs.h.  */
| 
| /* Override any gcc2 internal prototype to avoid an error.  */
| #ifdef __cplusplus
| extern "C"
| #endif
| /* We use char because int might match the return type of a gcc2
|    builtin and then its argument prototype would still apply.  */
| char gtk_init_check ();
| int
| main ()
| {
| gtk_init_check ();
|   ;
|   return 0;
| }
configure:4068: result: no
configure:4084: checking for egrep
configure:4094: result: grep -E
configure:4099: checking for ANSI C header files
configure:4124: gcc -c -g -O2 -INONE  conftest.c >&5
configure:4130: $? = 0
configure:4134: test -z 
			 || test ! -s conftest.err
configure:4137: $? = 0
configure:4140: test -s conftest.o
configure:4143: $? = 0
configure:4232: gcc -o conftest -g -O2 -INONE   -LNONE conftest.c -lncurses -lX11  >&5
conftest.c: In function 'main':
conftest.c:29:7: warning: implicit declaration of function 'exit' [-Wimplicit-function-declaration]
   29 |       exit(2);
      |       ^~~~
conftest.c:13:1: note: include '<stdlib.h>' or provide a declaration of 'exit'
   12 | #include <ctype.h>
  +++ |+#include <stdlib.h>
   13 | #if ((' ' & 0x0FF) == 0x020)
conftest.c:29:7: warning: incompatible implicit declaration of built-in function 'exit' [-Wbuiltin-declaration-mismatch]
   29 |       exit(2);
      |       ^~~~
conftest.c:29:7: note: include '<stdlib.h>' or provide a declaration of 'exit'
conftest.c:30:3: warning: incompatible implicit declaration of built-in function 'exit' [-Wbuiltin-declaration-mismatch]
   30 |   exit (0);
      |   ^~~~
conftest.c:30:3: note: include '<stdlib.h>' or provide a declaration of 'exit'
configure:4235: $? = 0
configure:4237: ./conftest
configure:4240: $? = 0
configure:4255: result: yes
configure:4279: checking for sys/types.h
configure:4295: gcc -c -g -O2 -INONE  conftest.c >&5
configure:4301: $? = 0
configure:4305: test -z 
			 || test ! -s conftest.err
configure:4308: $? = 0
configure:4311: test -s conftest.o
configure:4314: $? = 0
configure:4325: result: yes
configure:4279: checking for sys/stat.h
configure:4295: gcc -c -g -O2 -INONE  conftest.c >&5
configure:4301: $? = 0
configure:4305: test -z 
			 || test ! -s conftest.err
configure:4308: $? = 0
configure:4311: test -s conftest.o
configure:4314: $? = 0
configure:4325: result: yes
configure:4279: checking for stdlib.h
configure:4295: gcc -c -g -O2 -INONE  conftest.c >&5
configure:4301: $? = 0
configure:4305: test -z 
			 || test ! -s conftest.err
configure:4308: $? = 0
configure:4311: test -s conftest.o
configure:4314: $? = 0
configure:4325: result: yes
configure:4279: checking for string.h
configure:4295: gcc -c -g -O2 -INONE  conftest.c >&5
configure:4301: $? = 0
configure:4305: test -z 
			 || test ! -s conftest.err
configure:4308: $? = 0
configure:4311: test -s conftest.o
configure:4314: $? = 0
configure:4325: result: yes
configure:4279: checking for memory.h
configure:4295: gcc -c -g -O2 -INONE  conftest.c >&5
configure:4301: $? = 0
configure:4305: test -z 
			 || test ! -s conftest.err
configure:4308: $? = 0
configure:4311: test -s conftest.o
configure:4314: $? = 0
configure:4325: result: yes
configure:4279: checking for strings.h
configure:4295: gcc -c -g -O2 -INONE  conftest.c >&5
configure:4301: $? = 0
configure:4305: test -z 
			 || test ! -s conftest.err
configure:4308: $? = 0
configure:4311: test -s conftest.o
configure:4314: $? = 0
configure:4325: result: yes
configure:4279: checking for inttypes.h
configure:4295: gcc -c -g -O2 -INONE  conftest.c >&5
configure:4301: $? = 0
configure:4305: test -z 
			 || test ! -s conftest.err
configure:4308: $? = 0
configure:4311: test -s conftest.o
configure:4314: $? = 0
configure:4325: result: yes
configure:4279: checking for stdint.h
configure:4295: gcc -c -g -O2 -INONE  conftest.c >&5
configure:4301: $? = 0
configure:4305: test -z 
			 || test ! -s conftest.err
configure:4308: $? = 0
configure:4311: test -s conftest.o
configure:4314: $? = 0
configure:4325: result: yes
configure:4279: checking for unistd.h
configure:4295: gcc -c -g -O2 -INONE  conftest.c >&5
configure:4301: $? = 0
configure:4305: test -z 
			 || test ! -s conftest.err
configure:4308: $? = 0
configure:4311: test -s conftest.o
configure:4314: $? = 0
configure:4325: result: yes
configure:4337: checking for library containing Tcl_Init
configure:4367: gcc -o conftest -g -O2 -INONE   -LNONE conftest.c -lncurses -lX11  >&5
/usr/bin/ld: /tmp/ccukoSE0.o: in function `main':
/home/ryan/Zangband/conftest.c:33:(.text.startup+0xb): undefined reference to `Tcl_Init'
collect2: error: ld returned 1 exit status
configure:4373: $? = 1
configure: failed program was:
| /* confdefs.h.  */
| 
| #define PACKAGE_NAME "Zangband"
| #define PACKAGE_TARNAME "zangband"
| #define PACKAGE_VERSION "2.7.6"
| #define PACKAGE_STRING "Zangband 2.7.6"
| #define PACKAGE_BUGREPORT "jj@jjnoo.com"
| #define USE_X11 1
| #define USE_XPJ 1
| #define USE_GCU 1
| #define STDC_HEADERS 1
| #define HAVE_SYS_TYPES_H 1
| #define HAVE_SYS_STAT_H 1
| #define HAVE_STDLIB_H 1
| #define HAVE_STRING_H 1
| #define HAVE_MEMORY_H 1
| #define HAVE_STRINGS_H 1
| #define HAVE_INTTYPES_H 1
| #define HAVE_STDINT_H 1
| #define HAVE_UNISTD_H 1
| /* end confdefs.h.  */
| 
| /* Override any gcc2 internal prototype to avoid an error.  */
| #ifdef __cplusplus
| extern "C"
| #endif
| /* We use char because int might match the return type of a gcc2
|    builtin and then its argument prototype would still apply.  */
| char Tcl_Init ();
| int
| main ()
| {
| Tcl_Init ();
|   ;
|   return 0;
| }
configure:4422: gcc -o conftest -g -O2 -INONE   -LNONE conftest.c -ltcl84  -lncurses -lX11  >&5
/usr/bin/ld: cannot find -ltcl84: No such file or directory
collect2: error: ld returned 1 exit status
configure:4428: $? = 1
configure: failed program was:
| /* confdefs.h.  */
| 
| #define PACKAGE_NAME "Zangband"
| #define PACKAGE_TARNAME "zangband"
| #define PACKAGE_VERSION "2.7.6"
| #define PACKAGE_STRING "Zangband 2.7.6"
| #define PACKAGE_BUGREPORT "jj@jjnoo.com"
| #define USE_X11 1
| #define USE_XPJ 1
| #define USE_GCU 1
| #define STDC_HEADERS 1
| #define HAVE_SYS_TYPES_H 1
| #define HAVE_SYS_STAT_H 1
| #define HAVE_STDLIB_H 1
| #define HAVE_STRING_H 1
| #define HAVE_MEMORY_H 1
| #define HAVE_STRINGS_H 1
| #define HAVE_INTTYPES_H 1
| #define HAVE_STDINT_H 1
| #define HAVE_UNISTD_H 1
| /* end confdefs.h.  */
| 
| /* Override any gcc2 internal prototype to avoid an error.  */
| #ifdef __cplusplus
| extern "C"
| #endif
| /* We use char because int might match the return type of a gcc2
|    builtin and then its argument prototype would still apply.  */
| char Tcl_Init ();
| int
| main ()
| {
| Tcl_Init ();
|   ;
|   return 0;
| }
configure:4422: gcc -o conftest -g -O2 -INONE   -LNONE conftest.c -ltcl8.4  -lncurses -lX11  >&5
/usr/bin/ld: cannot find -ltcl8.4: No such file or directory
collect2: error: ld returned 1 exit status
configure:4428: $? = 1
configure: failed program was:
| /* confdefs.h.  */
| 
| #define PACKAGE_NAME "Zangband"
| #define PACKAGE_TARNAME "zangband"
| #define PACKAGE_VERSION "2.7.6"
| #define PACKAGE_STRING "Zangband 2.7.6"
| #define PACKAGE_BUGREPORT "jj@jjnoo.com"
| #define USE_X11 1
| #define USE_XPJ 1
| #define USE_GCU 1
| #define STDC_HEADERS 1
| #define HAVE_SYS_TYPES_H 1
| #define HAVE_SYS_STAT_H 1
| #define HAVE_STDLIB_H 1
| #define HAVE_STRING_H 1
| #define HAVE_MEMORY_H 1
| #define HAVE_STRINGS_H 1
| #define HAVE_INTTYPES_H 1
| #define HAVE_STDINT_H 1
| #define HAVE_UNISTD_H 1
| /* end confdefs.h.  */
| 
| /* Override any gcc2 internal prototype to avoid an error.  */
| #ifdef __cplusplus
| extern "C"
| #endif
| /* We use char because int might match the return type of a gcc2
|    builtin and then its argument prototype would still apply.  */
| char Tcl_Init ();
| int
| main ()
| {
| Tcl_Init ();
|   ;
|   return 0;
| }
configure:4422: gcc -o conftest -g -O2 -INONE   -LNONE conftest.c -ltcl83  -lncurses -lX11  >&5
/usr/bin/ld: cannot find -ltcl83: No such file or directory
collect2: error: ld returned 1 exit status
configure:4428: $? = 1
configure: failed program was:
| /* confdefs.h.  */
| 
| #define PACKAGE_NAME "Zangband"
| #define PACKAGE_TARNAME "zangband"
| #define PACKAGE_VERSION "2.7.6"
| #define PACKAGE_STRING "Zangband 2.7.6"
| #define PACKAGE_BUGREPORT "jj@jjnoo.com"
| #define USE_X11 1
| #define USE_XPJ 1
| #define USE_GCU 1
| #define STDC_HEADERS 1
| #define HAVE_SYS_TYPES_H 1
| #define HAVE_SYS_STAT_H 1
| #define HAVE_STDLIB_H 1
| #define HAVE_STRING_H 1
| #define HAVE_MEMORY_H 1
| #define HAVE_STRINGS_H 1
| #define HAVE_INTTYPES_H 1
| #define HAVE_STDINT_H 1
| #define HAVE_UNISTD_H 1
| /* end confdefs.h.  */
| 
| /* Override any gcc2 internal prototype to avoid an error.  */
| #ifdef __cplusplus
| extern "C"
| #endif
| /* We use char because int might match the return type of a gcc2
|    builtin and then its argument prototype would still apply.  */
| char Tcl_Init ();
| int
| main ()
| {
| Tcl_Init ();
|   ;
|   return 0;
| }
configure:4422: gcc -o conftest -g -O2 -INONE   -LNONE conftest.c -ltcl8.3  -lncurses -lX11  >&5
/usr/bin/ld: cannot find -ltcl8.3: No such file or directory
collect2: error: ld returned 1 exit status
configure:4428: $? = 1
configure: failed program was:
| /* confdefs.h.  */
| 
| #define PACKAGE_NAME "Zangband"
| #define PACKAGE_TARNAME "zangband"
| #define PACKAGE_VERSION "2.7.6"
| #define PACKAGE_STRING "Zangband 2.7.6"
| #define PACKAGE_BUGREPORT "jj@jjnoo.com"
| #define USE_X11 1
| #define USE_XPJ 1
| #define USE_GCU 1
| #define STDC_HEADERS 1
| #define HAVE_SYS_TYPES_H 1
| #define HAVE_SYS_STAT_H 1
| #define HAVE_STDLIB_H 1
| #define HAVE_STRING_H 1
| #define HAVE_MEMORY_H 1
| #define HAVE_STRINGS_H 1
| #define HAVE_INTTYPES_H 1
| #define HAVE_STDINT_H 1
| #define HAVE_UNISTD_H 1
| /* end confdefs.h.  */
| 
| /* Override any gcc2 internal prototype to avoid an error.  */
| #ifdef __cplusplus
| extern "C"
| #endif
| /* We use char because int might match the return type of a gcc2
|    builtin and then its argument prototype would still apply.  */
| char Tcl_Init ();
| int
| main ()
| {
| Tcl_Init ();
|   ;
|   return 0;
| }
configure:4456: result: no
configure:4954: gcc -c -g -O2 -INONE  conftest.c >&5
configure:4960: $? = 0
configure:4964: test -z 
			 || test ! -s conftest.err
configure:4967: $? = 0
configure:4970: test -s conftest.o
configure:4973: $? = 0
configure:5140: checking for main in -lbsd
configure:5164: gcc -o conftest -g -O2 -INONE   -LNONE conftest.c -lbsd  -lncurses -lX11  >&5
/usr/bin/ld: cannot find -lbsd: No such file or directory
collect2: error: ld returned 1 exit status
configure:5170: $? = 1
configure: failed program was:
| /* confdefs.h.  */
| 
| #define PACKAGE_NAME "Zangband"
| #define PACKAGE_TARNAME "zangband"
| #define PACKAGE_VERSION "2.7.6"
| #define PACKAGE_STRING "Zangband 2.7.6"
| #define PACKAGE_BUGREPORT "jj@jjnoo.com"
| #define USE_X11 1
| #define USE_XPJ 1
| #define USE_GCU 1
| #define STDC_HEADERS 1
| #define HAVE_SYS_TYPES_H 1
| #define HAVE_SYS_STAT_H 1
| #define HAVE_STDLIB_H 1
| #define HAVE_STRING_H 1
| #define HAVE_MEMORY_H 1
| #define HAVE_STRINGS_H 1
| #define HAVE_INTTYPES_H 1
| #define HAVE_STDINT_H 1
| #define HAVE_UNISTD_H 1
| #define USE_64B 1
| /* end confdefs.h.  */
| 
| 
| int
| main ()
| {
| main ();
|   ;
|   return 0;
| }
configure:5196: result: no
configure:5209: checking for main in -lcposix
configure:5233: gcc -o conftest -g -O2 -INONE   -LNONE conftest.c -lcposix  -lncurses -lX11  >&5
/usr/bin/ld: cannot find -lcposix: No such file or directory
collect2: error: ld returned 1 exit status
configure:5239: $? = 1
configure: failed program was:
| /* confdefs.h.  */
| 
| #define PACKAGE_NAME "Zangband"
| #define PACKAGE_TARNAME "zangband"
| #define PACKAGE_VERSION "2.7.6"
| #define PACKAGE_STRING "Zangband 2.7.6"
| #define PACKAGE_BUGREPORT "jj@jjnoo.com"
| #define USE_X11 1
| #define USE_XPJ 1
| #define USE_GCU 1
| #define STDC_HEADERS 1
| #define HAVE_SYS_TYPES_H 1
| #define HAVE_SYS_STAT_H 1
| #define HAVE_STDLIB_H 1
| #define HAVE_STRING_H 1
| #define HAVE_MEMORY_H 1
| #define HAVE_STRINGS_H 1
| #define HAVE_INTTYPES_H 1
| #define HAVE_STDINT_H 1
| #define HAVE_UNISTD_H 1
| #define USE_64B 1
| /* end confdefs.h.  */
| 
| 
| int
| main ()
| {
| main ();
|   ;
|   return 0;
| }
configure:5265: result: no
configure:5278: checking for main in -linet
configure:5302: gcc -o conftest -g -O2 -INONE   -LNONE conftest.c -linet  -lncurses -lX11  >&5
/usr/bin/ld: cannot find -linet: No such file or directory
collect2: error: ld returned 1 exit status
configure:5308: $? = 1
configure: failed program was:
| /* confdefs.h.  */
| 
| #define PACKAGE_NAME "Zangband"
| #define PACKAGE_TARNAME "zangband"
| #define PACKAGE_VERSION "2.7.6"
| #define PACKAGE_STRING "Zangband 2.7.6"
| #define PACKAGE_BUGREPORT "jj@jjnoo.com"
| #define USE_X11 1
| #define USE_XPJ 1
| #define USE_GCU 1
| #define STDC_HEADERS 1
| #define HAVE_SYS_TYPES_H 1
| #define HAVE_SYS_STAT_H 1
| #define HAVE_STDLIB_H 1
| #define HAVE_STRING_H 1
| #define HAVE_MEMORY_H 1
| #define HAVE_STRINGS_H 1
| #define HAVE_INTTYPES_H 1
| #define HAVE_STDINT_H 1
| #define HAVE_UNISTD_H 1
| #define USE_64B 1
| /* end confdefs.h.  */
| 
| 
| int
| main ()
| {
| main ();
|   ;
|   return 0;
| }
configure:5334: result: no
configure:5347: checking for main in -lnsl_s
configure:5371: gcc -o conftest -g -O2 -INONE   -LNONE conftest.c -lnsl_s  -lncurses -lX11  >&5
/usr/bin/ld: cannot find -lnsl_s: No such file or directory
collect2: error: ld returned 1 exit status
configure:5377: $? = 1
configure: failed program was:
| /* confdefs.h.  */
| 
| #define PACKAGE_NAME "Zangband"
| #define PACKAGE_TARNAME "zangband"
| #define PACKAGE_VERSION "2.7.6"
| #define PACKAGE_STRING "Zangband 2.7.6"
| #define PACKAGE_BUGREPORT "jj@jjnoo.com"
| #define USE_X11 1
| #define USE_XPJ 1
| #define USE_GCU 1
| #define STDC_HEADERS 1
| #define HAVE_SYS_TYPES_H 1
| #define HAVE_SYS_STAT_H 1
| #define HAVE_STDLIB_H 1
| #define HAVE_STRING_H 1
| #define HAVE_MEMORY_H 1
| #define HAVE_STRINGS_H 1
| #define HAVE_INTTYPES_H 1
| #define HAVE_STDINT_H 1
| #define HAVE_UNISTD_H 1
| #define USE_64B 1
| /* end confdefs.h.  */
| 
| 
| int
| main ()
| {
| main ();
|   ;
|   return 0;
| }
configure:5403: result: no
configure:5416: checking for main in -lrpcsvc
configure:5440: gcc -o conftest -g -O2 -INONE   -LNONE conftest.c -lrpcsvc  -lncurses -lX11  >&5
/usr/bin/ld: cannot find -lrpcsvc: No such file or directory
collect2: error: ld returned 1 exit status
configure:5446: $? = 1
configure: failed program was:
| /* confdefs.h.  */
| 
| #define PACKAGE_NAME "Zangband"
| #define PACKAGE_TARNAME "zangband"
| #define PACKAGE_VERSION "2.7.6"
| #define PACKAGE_STRING "Zangband 2.7.6"
| #define PACKAGE_BUGREPORT "jj@jjnoo.com"
| #define USE_X11 1
| #define USE_XPJ 1
| #define USE_GCU 1
| #define STDC_HEADERS 1
| #define HAVE_SYS_TYPES_H 1
| #define HAVE_SYS_STAT_H 1
| #define HAVE_STDLIB_H 1
| #define HAVE_STRING_H 1
| #define HAVE_MEMORY_H 1
| #define HAVE_STRINGS_H 1
| #define HAVE_INTTYPES_H 1
| #define HAVE_STDINT_H 1
| #define HAVE_UNISTD_H 1
| #define USE_64B 1
| /* end confdefs.h.  */
| 
| 
| int
| main ()
| {
| main ();
|   ;
|   return 0;
| }
configure:5472: result: no
configure:5485: checking for main in -lsun
configure:5509: gcc -o conftest -g -O2 -INONE   -LNONE conftest.c -lsun  -lncurses -lX11  >&5
/usr/bin/ld: cannot find -lsun: No such file or directory
collect2: error: ld returned 1 exit status
configure:5515: $? = 1
configure: failed program was:
| /* confdefs.h.  */
| 
| #define PACKAGE_NAME "Zangband"
| #define PACKAGE_TARNAME "zangband"
| #define PACKAGE_VERSION "2.7.6"
| #define PACKAGE_STRING "Zangband 2.7.6"
| #define PACKAGE_BUGREPORT "jj@jjnoo.com"
| #define USE_X11 1
| #define USE_XPJ 1
| #define USE_GCU 1
| #define STDC_HEADERS 1
| #define HAVE_SYS_TYPES_H 1
| #define HAVE_SYS_STAT_H 1
| #define HAVE_STDLIB_H 1
| #define HAVE_STRING_H 1
| #define HAVE_MEMORY_H 1
| #define HAVE_STRINGS_H 1
| #define HAVE_INTTYPES_H 1
| #define HAVE_STDINT_H 1
| #define HAVE_UNISTD_H 1
| #define USE_64B 1
| /* end confdefs.h.  */
| 
| 
| int
| main ()
| {
| main ();
|   ;
|   return 0;
| }
configure:5541: result: no
configure:5558: checking for main in -lvideo
configure:5582: gcc -o conftest -g -O2 -INONE   -LNONE conftest.c -lvideo  -lncurses -lX11  >&5
/usr/bin/ld: cannot find -lvideo: No such file or directory
collect2: error: ld returned 1 exit status
configure:5588: $? = 1
configure: failed program was:
| /* confdefs.h.  */
| 
| #define PACKAGE_NAME "Zangband"
| #define PACKAGE_TARNAME "zangband"
| #define PACKAGE_VERSION "2.7.6"
| #define PACKAGE_STRING "Zangband 2.7.6"
| #define PACKAGE_BUGREPORT "jj@jjnoo.com"
| #define USE_X11 1
| #define USE_XPJ 1
| #define USE_GCU 1
| #define STDC_HEADERS 1
| #define HAVE_SYS_TYPES_H 1
| #define HAVE_SYS_STAT_H 1
| #define HAVE_STDLIB_H 1
| #define HAVE_STRING_H 1
| #define HAVE_MEMORY_H 1
| #define HAVE_STRINGS_H 1
| #define HAVE_INTTYPES_H 1
| #define HAVE_STDINT_H 1
| #define HAVE_UNISTD_H 1
| #define USE_64B 1
| /* end confdefs.h.  */
| 
| 
| int
| main ()
| {
| main ();
|   ;
|   return 0;
| }
configure:5614: result: no
configure:5627: checking for main in -lwinmm
configure:5651: gcc -o conftest -g -O2 -INONE   -LNONE conftest.c -lwinmm  -lncurses -lX11  >&5
/usr/bin/ld: cannot find -lwinmm: No such file or directory
collect2: error: ld returned 1 exit status
configure:5657: $? = 1
configure: failed program was:
| /* confdefs.h.  */
| 
| #define PACKAGE_NAME "Zangband"
| #define PACKAGE_TARNAME "zangband"
| #define PACKAGE_VERSION "2.7.6"
| #define PACKAGE_STRING "Zangband 2.7.6"
| #define PACKAGE_BUGREPORT "jj@jjnoo.com"
| #define USE_X11 1
| #define USE_XPJ 1
| #define USE_GCU 1
| #define STDC_HEADERS 1
| #define HAVE_SYS_TYPES_H 1
| #define HAVE_SYS_STAT_H 1
| #define HAVE_STDLIB_H 1
| #define HAVE_STRING_H 1
| #define HAVE_MEMORY_H 1
| #define HAVE_STRINGS_H 1
| #define HAVE_INTTYPES_H 1
| #define HAVE_STDINT_H 1
| #define HAVE_UNISTD_H 1
| #define USE_64B 1
| /* end confdefs.h.  */
| 
| 
| int
| main ()
| {
| main ();
|   ;
|   return 0;
| }
configure:5683: result: no
configure:5696: checking for main in -lz
configure:5720: gcc -o conftest -g -O2 -INONE   -LNONE conftest.c -lz  -lncurses -lX11  >&5
configure:5726: $? = 0
configure:5730: test -z 
			 || test ! -s conftest.err
configure:5733: $? = 0
configure:5736: test -s conftest
configure:5739: $? = 0
configure:5752: result: yes
configure:5765: checking for ANSI C header files
configure:5921: result: yes
configure:5962: checking fcntl.h usability
configure:5974: gcc -c -g -O2 -INONE  conftest.c >&5
configure:5980: $? = 0
configure:5984: test -z 
			 || test ! -s conftest.err
configure:5987: $? = 0
configure:5990: test -s conftest.o
configure:5993: $? = 0
configure:6003: result: yes
configure:6007: checking fcntl.h presence
configure:6017: gcc -E -INONE  conftest.c
configure:6023: $? = 0
configure:6043: result: yes
configure:6078: checking for fcntl.h
configure:6085: result: yes
configure:5962: checking limits.h usability
configure:5974: gcc -c -g -O2 -INONE  conftest.c >&5
configure:5980: $? = 0
configure:5984: test -z 
			 || test ! -s conftest.err
configure:5987: $? = 0
configure:5990: test -s conftest.o
configure:5993: $? = 0
configure:6003: result: yes
configure:6007: checking limits.h presence
configure:6017: gcc -E -INONE  conftest.c
configure:6023: $? = 0
configure:6043: result: yes
configure:6078: checking for limits.h
configure:6085: result: yes
configure:5962: checking locale.h usability
configure:5974: gcc -c -g -O2 -INONE  conftest.c >&5
configure:5980: $? = 0
configure:5984: test -z 
			 || test ! -s conftest.err
configure:5987: $? = 0
configure:5990: test -s conftest.o
configure:5993: $? = 0
configure:6003: result: yes
configure:6007: checking locale.h presence
configure:6017: gcc -E -INONE  conftest.c
configure:6023: $? = 0
configure:6043: result: yes
configure:6078: checking for locale.h
configure:6085: result: yes
configure:5953: checking for memory.h
configure:5958: result: yes
configure:5962: checking netdb.h usability
configure:5974: gcc -c -g -O2 -INONE  conftest.c >&5
configure:5980: $? = 0
configure:5984: test -z 
			 || test ! -s conftest.err
configure:5987: $? = 0
configure:5990: test -s conftest.o
configure:5993: $? = 0
configure:6003: result: yes
configure:6007: checking netdb.h presence
configure:6017: gcc -E -INONE  conftest.c
configure:6023: $? = 0
configure:6043: result: yes
configure:6078: checking for netdb.h
configure:6085: result: yes
configure:5962: checking stddef.h usability
configure:5974: gcc -c -g -O2 -INONE  conftest.c >&5
configure:5980: $? = 0
configure:5984: test -z 
			 || test ! -s conftest.err
configure:5987: $? = 0
configure:5990: test -s conftest.o
configure:5993: $? = 0
configure:6003: result: yes
configure:6007: checking stddef.h presence
configure:6017: gcc -E -INONE  conftest.c
configure:6023: $? = 0
configure:6043: result: yes
configure:6078: checking for stddef.h
configure:6085: result: yes
configure:5953: checking for stdint.h
configure:5958: result: yes
configure:5953: checking for stdlib.h
configure:5958: result: yes
configure:5953: checking for string.h
configure:5958: result: yes
configure:5962: checking sys/file.h usability
configure:5974: gcc -c -g -O2 -INONE  conftest.c >&5
configure:5980: $? = 0
configure:5984: test -z 
			 || test ! -s conftest.err
configure:5987: $? = 0
configure:5990: test -s conftest.o
configure:5993: $? = 0
configure:6003: result: yes
configure:6007: checking sys/file.h presence
configure:6017: gcc -E -INONE  conftest.c
configure:6023: $? = 0
configure:6043: result: yes
configure:6078: checking for sys/file.h
configure:6085: result: yes
configure:5962: checking sys/ioctl.h usability
configure:5974: gcc -c -g -O2 -INONE  conftest.c >&5
configure:5980: $? = 0
configure:5984: test -z 
			 || test ! -s conftest.err
configure:5987: $? = 0
configure:5990: test -s conftest.o
configure:5993: $? = 0
configure:6003: result: yes
configure:6007: checking sys/ioctl.h presence
configure:6017: gcc -E -INONE  conftest.c
configure:6023: $? = 0
configure:6043: result: yes
configure:6078: checking for sys/ioctl.h
configure:6085: result: yes
configure:5962: checking sys/param.h usability
configure:5974: gcc -c -g -O2 -INONE  conftest.c >&5
configure:5980: $? = 0
configure:5984: test -z 
			 || test ! -s conftest.err
configure:5987: $? = 0
configure:5990: test -s conftest.o
configure:5993: $? = 0
configure:6003: result: yes
configure:6007: checking sys/param.h presence
configure:6017: gcc -E -INONE  conftest.c
configure:6023: $? = 0
configure:6043: result: yes
configure:6078: checking for sys/param.h
configure:6085: result: yes
configure:5962: checking sys/time.h usability
configure:5974: gcc -c -g -O2 -INONE  conftest.c >&5
configure:5980: $? = 0
configure:5984: test -z 
			 || test ! -s conftest.err
configure:5987: $? = 0
configure:5990: test -s conftest.o
configure:5993: $? = 0
configure:6003: result: yes
configure:6007: checking sys/time.h presence
configure:6017: gcc -E -INONE  conftest.c
configure:6023: $? = 0
configure:6043: result: yes
configure:6078: checking for sys/time.h
configure:6085: result: yes
configure:5962: checking sys/timeb.h usability
configure:5974: gcc -c -g -O2 -INONE  conftest.c >&5
configure:5980: $? = 0
configure:5984: test -z 
			 || test ! -s conftest.err
configure:5987: $? = 0
configure:5990: test -s conftest.o
configure:5993: $? = 0
configure:6003: result: yes
configure:6007: checking sys/timeb.h presence
configure:6017: gcc -E -INONE  conftest.c
configure:6023: $? = 0
configure:6043: result: yes
configure:6078: checking for sys/timeb.h
configure:6085: result: yes
configure:5962: checking termio.h usability
configure:5974: gcc -c -g -O2 -INONE  conftest.c >&5
configure:5980: $? = 0
configure:5984: test -z 
			 || test ! -s conftest.err
configure:5987: $? = 0
configure:5990: test -s conftest.o
configure:5993: $? = 0
configure:6003: result: yes
configure:6007: checking termio.h presence
configure:6017: gcc -E -INONE  conftest.c
configure:6023: $? = 0
configure:6043: result: yes
configure:6078: checking for termio.h
configure:6085: result: yes
configure:5953: checking for unistd.h
configure:5958: result: yes
configure:5962: checking sys/ipc.h usability
configure:5974: gcc -c -g -O2 -INONE  conftest.c >&5
configure:5980: $? = 0
configure:5984: test -z 
			 || test ! -s conftest.err
configure:5987: $? = 0
configure:5990: test -s conftest.o
configure:5993: $? = 0
configure:6003: result: yes
configure:6007: checking sys/ipc.h presence
configure:6017: gcc -E -INONE  conftest.c
configure:6023: $? = 0
configure:6043: result: yes
configure:6078: checking for sys/ipc.h
configure:6085: result: yes
configure:5962: checking sys/shm.h usability
configure:5974: gcc -c -g -O2 -INONE  conftest.c >&5
configure:5980: $? = 0
configure:5984: test -z 
			 || test ! -s conftest.err
configure:5987: $? = 0
configure:5990: test -s conftest.o
configure:5993: $? = 0
configure:6003: result: yes
configure:6007: checking sys/shm.h presence
configure:6017: gcc -E -INONE  conftest.c
configure:6023: $? = 0
configure:6043: result: yes
configure:6078: checking for sys/shm.h
configure:6085: result: yes
configure:6113: checking termios.h usability
configure:6125: gcc -c -g -O2 -INONE  conftest.c >&5
configure:6131: $? = 0
configure:6135: test -z 
			 || test ! -s conftest.err
configure:6138: $? = 0
configure:6141: test -s conftest.o
configure:6144: $? = 0
configure:6154: result: yes
configure:6158: checking termios.h presence
configure:6168: gcc -E -INONE  conftest.c
configure:6174: $? = 0
configure:6194: result: yes
configure:6229: checking for termios.h
configure:6236: result: yes
configure:6255: checking for an ANSI C-conforming const
configure:6322: gcc -c -g -O2 -INONE  conftest.c >&5
configure:6328: $? = 0
configure:6332: test -z 
			 || test ! -s conftest.err
configure:6335: $? = 0
configure:6338: test -s conftest.o
configure:6341: $? = 0
configure:6352: result: yes
configure:6362: checking for size_t
configure:6386: gcc -c -g -O2 -INONE  conftest.c >&5
configure:6392: $? = 0
configure:6396: test -z 
			 || test ! -s conftest.err
configure:6399: $? = 0
configure:6402: test -s conftest.o
configure:6405: $? = 0
configure:6416: result: yes
configure:6428: checking whether time.h and sys/time.h may both be included
configure:6453: gcc -c -g -O2 -INONE  conftest.c >&5
configure:6459: $? = 0
configure:6463: test -z 
			 || test ! -s conftest.err
configure:6466: $? = 0
configure:6469: test -s conftest.o
configure:6472: $? = 0
configure:6483: result: yes
configure:6493: checking whether struct tm is in sys/time.h or time.h
configure:6516: gcc -c -g -O2 -INONE  conftest.c >&5
configure:6522: $? = 0
configure:6526: test -z 
			 || test ! -s conftest.err
configure:6529: $? = 0
configure:6532: test -s conftest.o
configure:6535: $? = 0
configure:6546: result: time.h
configure:6557: checking for long int
configure:6581: gcc -c -g -O2 -INONE  conftest.c >&5
configure:6587: $? = 0
configure:6591: test -z 
			 || test ! -s conftest.err
configure:6594: $? = 0
configure:6597: test -s conftest.o
configure:6600: $? = 0
configure:6611: result: yes
configure:6614: checking size of long int
configure:6933: gcc -o conftest -g -O2 -INONE   -LNONE conftest.c -lz -lncurses -lX11  >&5
configure:6936: $? = 0
configure:6938: ./conftest
configure:6941: $? = 0
configure:6964: result: 8
configure:6973: checking for error_at_line
configure:6994: gcc -o conftest -g -O2 -INONE   -LNONE conftest.c -lz -lncurses -lX11  >&5
conftest.c: In function 'main':
conftest.c:84:1: warning: implicit declaration of function 'error_at_line' [-Wimplicit-function-declaration]
   84 | error_at_line (0, 0, "", 0, "");
      | ^~~~~~~~~~~~~
configure:7000: $? = 0
configure:7004: test -z 
			 || test ! -s conftest.err
configure:7007: $? = 0
configure:7010: test -s conftest
configure:7013: $? = 0
configure:7025: result: yes
configure:7039: checking whether gcc needs -traditional
configure:7081: result: no
configure:7093: checking for stdlib.h
configure:7098: result: yes
configure:7238: checking for GNU libc compatible malloc
configure:7267: gcc -o conftest -g -O2 -INONE   -LNONE conftest.c -lz -lncurses -lX11  >&5
configure:7270: $? = 0
configure:7272: ./conftest
configure:7275: $? = 0
configure:7289: result: yes
configure:7319: checking for working memcmp
configure:7367: gcc -o conftest -g -O2 -INONE   -LNONE conftest.c -lz -lncurses -lX11  >&5
configure:7370: $? = 0
configure:7372: ./conftest
configure:7375: $? = 0
configure:7389: result: yes
configure:7405: checking for stdlib.h
configure:7410: result: yes
configure:7550: checking for GNU libc compatible realloc
configure:7579: gcc -o conftest -g -O2 -INONE   -LNONE conftest.c -lz -lncurses -lX11  >&5
configure:7582: $? = 0
configure:7584: ./conftest
configure:7587: $? = 0
configure:7601: result: yes
configure:7646: checking sys/select.h usability
configure:7658: gcc -c -g -O2 -INONE  conftest.c >&5
configure:7664: $? = 0
configure:7668: test -z 
			 || test ! -s conftest.err
configure:7671: $? = 0
configure:7674: test -s conftest.o
configure:7677: $? = 0
configure:7687: result: yes
configure:7691: checking sys/select.h presence
configure:7701: gcc -E -INONE  conftest.c
configure:7707: $? = 0
configure:7727: result: yes
configure:7762: checking for sys/select.h
configure:7769: result: yes
configure:7646: checking sys/socket.h usability
configure:7658: gcc -c -g -O2 -INONE  conftest.c >&5
configure:7664: $? = 0
configure:7668: test -z 
			 || test ! -s conftest.err
configure:7671: $? = 0
configure:7674: test -s conftest.o
configure:7677: $? = 0
configure:7687: result: yes
configure:7691: checking sys/socket.h presence
configure:7701: gcc -E -INONE  conftest.c
configure:7707: $? = 0
configure:7727: result: yes
configure:7762: checking for sys/socket.h
configure:7769: result: yes
configure:7782: checking types of arguments for select
configure:7815: gcc -c -g -O2 -INONE  conftest.c >&5
configure:7821: $? = 0
configure:7825: test -z 
			 || test ! -s conftest.err
configure:7828: $? = 0
configure:7831: test -s conftest.o
configure:7834: $? = 0
configure:7850: result: int,fd_set *,struct timeval *
configure:7873: checking return type of signal handlers
configure:7904: gcc -c -g -O2 -INONE  conftest.c >&5
configure:7910: $? = 0
configure:7914: test -z 
			 || test ! -s conftest.err
configure:7917: $? = 0
configure:7920: test -s conftest.o
configure:7923: $? = 0
configure:7934: result: void
configure:7942: checking whether lstat dereferences a symlink specified with a trailing slash
configure:7973: gcc -o conftest -g -O2 -INONE   -LNONE conftest.c -lz -lncurses -lX11  >&5
configure:7976: $? = 0
configure:7978: ./conftest
configure:7981: $? = 0
configure:8002: result: yes
configure:8023: checking whether stat accepts an empty string
configure:8048: gcc -o conftest -g -O2 -INONE   -LNONE conftest.c -lz -lncurses -lX11  >&5
configure:8051: $? = 0
configure:8053: ./conftest
configure:8056: $? = 1
configure: program exited with status 1
configure: failed program was:
| /* confdefs.h.  */
| 
| #define PACKAGE_NAME "Zangband"
| #define PACKAGE_TARNAME "zangband"
| #define PACKAGE_VERSION "2.7.6"
| #define PACKAGE_STRING "Zangband 2.7.6"
| #define PACKAGE_BUGREPORT "jj@jjnoo.com"
| #define USE_X11 1
| #define USE_XPJ 1
| #define USE_GCU 1
| #define STDC_HEADERS 1
| #define HAVE_SYS_TYPES_H 1
| #define HAVE_SYS_STAT_H 1
| #define HAVE_STDLIB_H 1
| #define HAVE_STRING_H 1
| #define HAVE_MEMORY_H 1
| #define HAVE_STRINGS_H 1
| #define HAVE_INTTYPES_H 1
| #define HAVE_STDINT_H 1
| #define HAVE_UNISTD_H 1
| #define USE_64B 1
| #define HAVE_LIBZ 1
| #define STDC_HEADERS 1
| #define HAVE_FCNTL_H 1
| #define HAVE_LIMITS_H 1
| #define HAVE_LOCALE_H 1
| #define HAVE_MEMORY_H 1
| #define HAVE_NETDB_H 1
| #define HAVE_STDDEF_H 1
| #define HAVE_STDINT_H 1
| #define HAVE_STDLIB_H 1
| #define HAVE_STRING_H 1
| #define HAVE_SYS_FILE_H 1
| #define HAVE_SYS_IOCTL_H 1
| #define HAVE_SYS_PARAM_H 1
| #define HAVE_SYS_TIME_H 1
| #define HAVE_SYS_TIMEB_H 1
| #define HAVE_TERMIO_H 1
| #define HAVE_UNISTD_H 1
| #define HAVE_SYS_IPC_H 1
| #define HAVE_SYS_SHM_H 1
| #define HAVE_TERMIOS_H 1
| #define USE_VCS 1
| #define TIME_WITH_SYS_TIME 1
| #define SIZEOF_LONG_INT 8
| #define HAVE_STDLIB_H 1
| #define HAVE_MALLOC 1
| #define HAVE_STDLIB_H 1
| #define HAVE_REALLOC 1
| #define HAVE_SYS_SELECT_H 1
| #define HAVE_SYS_SOCKET_H 1
| #define SELECT_TYPE_ARG1 int
| #define SELECT_TYPE_ARG234 (fd_set *)
| #define SELECT_TYPE_ARG5 (struct timeval *)
| #define RETSIGTYPE void
| #define LSTAT_FOLLOWS_SLASHED_SYMLINK 1
| /* end confdefs.h.  */
| #include <stdio.h>
| #if HAVE_SYS_TYPES_H
| # include <sys/types.h>
| #endif
| #if HAVE_SYS_STAT_H
| # include <sys/stat.h>
| #endif
| #if STDC_HEADERS
| # include <stdlib.h>
| # include <stddef.h>
| #else
| # if HAVE_STDLIB_H
| #  include <stdlib.h>
| # endif
| #endif
| #if HAVE_STRING_H
| # if !STDC_HEADERS && HAVE_MEMORY_H
| #  include <memory.h>
| # endif
| # include <string.h>
| #endif
| #if HAVE_STRINGS_H
| # include <strings.h>
| #endif
| #if HAVE_INTTYPES_H
| # include <inttypes.h>
| #else
| # if HAVE_STDINT_H
| #  include <stdint.h>
| # endif
| #endif
| #if HAVE_UNISTD_H
| # include <unistd.h>
| #endif
| int
| main ()
| {
| struct stat sbuf;
|   exit (stat ("", &sbuf) ? 1 : 0);
|   ;
|   return 0;
| }
configure:8070: result: no
configure:8088: checking for working strcoll
configure:8114: gcc -o conftest -g -O2 -INONE   -LNONE conftest.c -lz -lncurses -lX11  >&5
configure:8117: $? = 0
configure:8119: ./conftest
configure:8122: $? = 0
configure:8136: result: yes
configure:8150: checking for strftime
configure:8207: gcc -o conftest -g -O2 -INONE   -LNONE conftest.c -lz -lncurses -lX11  >&5
conftest.c:83:6: warning: conflicting types for built-in function 'strftime'; expected 'long unsigned int(char *, long unsigned int,  const char *, const void *)' [-Wbuiltin-declaration-mismatch]
   83 | char strftime ();
      |      ^~~~~~~~
conftest.c:70:1: note: 'strftime' is declared in header '<time.h>'
   69 | # include <limits.h>
   70 | #else
configure:8213: $? = 0
configure:8217: test -z 
			 || test ! -s conftest.err
configure:8220: $? = 0
configure:8223: test -s conftest
configure:8226: $? = 0
configure:8238: result: yes
configure:8326: checking for vprintf
configure:8383: gcc -o conftest -g -O2 -INONE   -LNONE conftest.c -lz -lncurses -lX11  >&5
conftest.c:84:6: warning: conflicting types for built-in function 'vprintf'; expected 'int(const char *, __va_list_tag *)' [-Wbuiltin-declaration-mismatch]
   84 | char vprintf ();
      |      ^~~~~~~
conftest.c:71:1: note: 'vprintf' is declared in header '<stdio.h>'
   70 | # include <limits.h>
   71 | #else
configure:8389: $? = 0
configure:8393: test -z 
			 || test ! -s conftest.err
configure:8396: $? = 0
configure:8399: test -s conftest
configure:8402: $? = 0
configure:8414: result: yes
configure:8421: checking for _doprnt
configure:8478: gcc -o conftest -g -O2 -INONE   -LNONE conftest.c -lz -lncurses -lX11  >&5
/usr/bin/ld: /tmp/ccZdcsnl.o: in function `main':
/home/ryan/Zangband/conftest.c:101:(.text.startup+0x7): undefined reference to `_doprnt'
/usr/bin/ld: /tmp/ccZdcsnl.o:/home/ryan/Zangband/conftest.c:92:(.data.rel+0x0): undefined reference to `_doprnt'
collect2: error: ld returned 1 exit status
configure:8484: $? = 1
configure: failed program was:
| /* confdefs.h.  */
| 
| #define PACKAGE_NAME "Zangband"
| #define PACKAGE_TARNAME "zangband"
| #define PACKAGE_VERSION "2.7.6"
| #define PACKAGE_STRING "Zangband 2.7.6"
| #define PACKAGE_BUGREPORT "jj@jjnoo.com"
| #define USE_X11 1
| #define USE_XPJ 1
| #define USE_GCU 1
| #define STDC_HEADERS 1
| #define HAVE_SYS_TYPES_H 1
| #define HAVE_SYS_STAT_H 1
| #define HAVE_STDLIB_H 1
| #define HAVE_STRING_H 1
| #define HAVE_MEMORY_H 1
| #define HAVE_STRINGS_H 1
| #define HAVE_INTTYPES_H 1
| #define HAVE_STDINT_H 1
| #define HAVE_UNISTD_H 1
| #define USE_64B 1
| #define HAVE_LIBZ 1
| #define STDC_HEADERS 1
| #define HAVE_FCNTL_H 1
| #define HAVE_LIMITS_H 1
| #define HAVE_LOCALE_H 1
| #define HAVE_MEMORY_H 1
| #define HAVE_NETDB_H 1
| #define HAVE_STDDEF_H 1
| #define HAVE_STDINT_H 1
| #define HAVE_STDLIB_H 1
| #define HAVE_STRING_H 1
| #define HAVE_SYS_FILE_H 1
| #define HAVE_SYS_IOCTL_H 1
| #define HAVE_SYS_PARAM_H 1
| #define HAVE_SYS_TIME_H 1
| #define HAVE_SYS_TIMEB_H 1
| #define HAVE_TERMIO_H 1
| #define HAVE_UNISTD_H 1
| #define HAVE_SYS_IPC_H 1
| #define HAVE_SYS_SHM_H 1
| #define HAVE_TERMIOS_H 1
| #define USE_VCS 1
| #define TIME_WITH_SYS_TIME 1
| #define SIZEOF_LONG_INT 8
| #define HAVE_STDLIB_H 1
| #define HAVE_MALLOC 1
| #define HAVE_STDLIB_H 1
| #define HAVE_REALLOC 1
| #define HAVE_SYS_SELECT_H 1
| #define HAVE_SYS_SOCKET_H 1
| #define SELECT_TYPE_ARG1 int
| #define SELECT_TYPE_ARG234 (fd_set *)
| #define SELECT_TYPE_ARG5 (struct timeval *)
| #define RETSIGTYPE void
| #define LSTAT_FOLLOWS_SLASHED_SYMLINK 1
| #define HAVE_STRCOLL 1
| #define HAVE_STRFTIME 1
| #define HAVE_VPRINTF 1
| /* end confdefs.h.  */
| /* Define _doprnt to an innocuous variant, in case <limits.h> declares _doprnt.
|    For example, HP-UX 11i <limits.h> declares gettimeofday.  */
| #define _doprnt innocuous__doprnt
| 
| /* System header to define __stub macros and hopefully few prototypes,
|     which can conflict with char _doprnt (); below.
|     Prefer <limits.h> to <assert.h> if __STDC__ is defined, since
|     <limits.h> exists even on freestanding compilers.  */
| 
| #ifdef __STDC__
| # include <limits.h>
| #else
| # include <assert.h>
| #endif
| 
| #undef _doprnt
| 
| /* Override any gcc2 internal prototype to avoid an error.  */
| #ifdef __cplusplus
| extern "C"
| {
| #endif
| /* We use char because int might match the return type of a gcc2
|    builtin and then its argument prototype would still apply.  */
| char _doprnt ();
| /* The GNU C library defines this for functions which it implements
|     to always fail with ENOSYS.  Some functions are actually named
|     something starting with __ and the normal name is an alias.  */
| #if defined (__stub__doprnt) || defined (__stub____doprnt)
| choke me
| #else
| char (*f) () = _doprnt;
| #endif
| #ifdef __cplusplus
| }
| #endif
| 
| int
| main ()
| {
| return f != _doprnt;
|   ;
|   return 0;
| }
configure:8509: result: no
configure:8529: checking for stdlib.h
configure:8534: result: yes
configure:8529: checking for unistd.h
configure:8534: result: yes
configure:8678: checking for getpagesize
configure:8735: gcc -o conftest -g -O2 -INONE   -LNONE conftest.c -lz -lncurses -lX11  >&5
configure:8741: $? = 0
configure:8745: test -z 
			 || test ! -s conftest.err
configure:8748: $? = 0
configure:8751: test -s conftest
configure:8754: $? = 0
configure:8766: result: yes
configure:8776: checking for working mmap
configure:8918: gcc -o conftest -g -O2 -INONE   -LNONE conftest.c -lz -lncurses -lX11  >&5
configure:8921: $? = 0
configure:8923: ./conftest
configure:8926: $? = 0
configure:8940: result: yes
configure:8973: checking for floor
configure:9030: gcc -o conftest -g -O2 -INONE   -LNONE conftest.c -lz -lncurses -lX11  >&5
conftest.c:89:6: warning: conflicting types for built-in function 'floor'; expected 'double(double)' [-Wbuiltin-declaration-mismatch]
   89 | char floor ();
      |      ^~~~~
conftest.c:76:1: note: 'floor' is declared in header '<math.h>'
   75 | # include <limits.h>
   76 | #else
/usr/bin/ld: /tmp/ccU4szzp.o: in function `main':
/home/ryan/Zangband/conftest.c:105:(.text.startup+0x7): undefined reference to `floor'
/usr/bin/ld: /tmp/ccU4szzp.o:/home/ryan/Zangband/conftest.c:96:(.data.rel+0x0): undefined reference to `floor'
collect2: error: ld returned 1 exit status
configure:9036: $? = 1
configure: failed program was:
| /* confdefs.h.  */
| 
| #define PACKAGE_NAME "Zangband"
| #define PACKAGE_TARNAME "zangband"
| #define PACKAGE_VERSION "2.7.6"
| #define PACKAGE_STRING "Zangband 2.7.6"
| #define PACKAGE_BUGREPORT "jj@jjnoo.com"
| #define USE_X11 1
| #define USE_XPJ 1
| #define USE_GCU 1
| #define STDC_HEADERS 1
| #define HAVE_SYS_TYPES_H 1
| #define HAVE_SYS_STAT_H 1
| #define HAVE_STDLIB_H 1
| #define HAVE_STRING_H 1
| #define HAVE_MEMORY_H 1
| #define HAVE_STRINGS_H 1
| #define HAVE_INTTYPES_H 1
| #define HAVE_STDINT_H 1
| #define HAVE_UNISTD_H 1
| #define USE_64B 1
| #define HAVE_LIBZ 1
| #define STDC_HEADERS 1
| #define HAVE_FCNTL_H 1
| #define HAVE_LIMITS_H 1
| #define HAVE_LOCALE_H 1
| #define HAVE_MEMORY_H 1
| #define HAVE_NETDB_H 1
| #define HAVE_STDDEF_H 1
| #define HAVE_STDINT_H 1
| #define HAVE_STDLIB_H 1
| #define HAVE_STRING_H 1
| #define HAVE_SYS_FILE_H 1
| #define HAVE_SYS_IOCTL_H 1
| #define HAVE_SYS_PARAM_H 1
| #define HAVE_SYS_TIME_H 1
| #define HAVE_SYS_TIMEB_H 1
| #define HAVE_TERMIO_H 1
| #define HAVE_UNISTD_H 1
| #define HAVE_SYS_IPC_H 1
| #define HAVE_SYS_SHM_H 1
| #define HAVE_TERMIOS_H 1
| #define USE_VCS 1
| #define TIME_WITH_SYS_TIME 1
| #define SIZEOF_LONG_INT 8
| #define HAVE_STDLIB_H 1
| #define HAVE_MALLOC 1
| #define HAVE_STDLIB_H 1
| #define HAVE_REALLOC 1
| #define HAVE_SYS_SELECT_H 1
| #define HAVE_SYS_SOCKET_H 1
| #define SELECT_TYPE_ARG1 int
| #define SELECT_TYPE_ARG234 (fd_set *)
| #define SELECT_TYPE_ARG5 (struct timeval *)
| #define RETSIGTYPE void
| #define LSTAT_FOLLOWS_SLASHED_SYMLINK 1
| #define HAVE_STRCOLL 1
| #define HAVE_STRFTIME 1
| #define HAVE_VPRINTF 1
| #define HAVE_STDLIB_H 1
| #define HAVE_UNISTD_H 1
| #define HAVE_GETPAGESIZE 1
| #define HAVE_MMAP 1
| /* end confdefs.h.  */
| /* Define floor to an innocuous variant, in case <limits.h> declares floor.
|    For example, HP-UX 11i <limits.h> declares gettimeofday.  */
| #define floor innocuous_floor
| 
| /* System header to define __stub macros and hopefully few prototypes,
|     which can conflict with char floor (); below.
|     Prefer <limits.h> to <assert.h> if __STDC__ is defined, since
|     <limits.h> exists even on freestanding compilers.  */
| 
| #ifdef __STDC__
| # include <limits.h>
| #else
| # include <assert.h>
| #endif
| 
| #undef floor
| 
| /* Override any gcc2 internal prototype to avoid an error.  */
| #ifdef __cplusplus
| extern "C"
| {
| #endif
| /* We use char because int might match the return type of a gcc2
|    builtin and then its argument prototype would still apply.  */
| char floor ();
| /* The GNU C library defines this for functions which it implements
|     to always fail with ENOSYS.  Some functions are actually named
|     something starting with __ and the normal name is an alias.  */
| #if defined (__stub_floor) || defined (__stub___floor)
| choke me
| #else
| char (*f) () = floor;
| #endif
| #ifdef __cplusplus
| }
| #endif
| 
| int
| main ()
| {
| return f != floor;
|   ;
|   return 0;
| }
configure:9061: result: no
configure:8973: checking for ftruncate
configure:9030: gcc -o conftest -g -O2 -INONE   -LNONE conftest.c -lz -lncurses -lX11  >&5
configure:9036: $? = 0
configure:9040: test -z 
			 || test ! -s conftest.err
configure:9043: $? = 0
configure:9046: test -s conftest
configure:9049: $? = 0
configure:9061: result: yes
configure:8973: checking for gethostname
configure:9030: gcc -o conftest -g -O2 -INONE   -LNONE conftest.c -lz -lncurses -lX11  >&5
configure:9036: $? = 0
configure:9040: test -z 
			 || test ! -s conftest.err
configure:9043: $? = 0
configure:9046: test -s conftest
configure:9049: $? = 0
configure:9061: result: yes
configure:8973: checking for memchr
configure:9030: gcc -o conftest -g -O2 -INONE   -LNONE conftest.c -lz -lncurses -lX11  >&5
conftest.c:91:6: warning: conflicting types for built-in function 'memchr'; expected 'void *(const void *, int,  long unsigned int)' [-Wbuiltin-declaration-mismatch]
   91 | char memchr ();
      |      ^~~~~~
conftest.c:78:1: note: 'memchr' is declared in header '<string.h>'
   77 | # include <limits.h>
   78 | #else
configure:9036: $? = 0
configure:9040: test -z 
			 || test ! -s conftest.err
configure:9043: $? = 0
configure:9046: test -s conftest
configure:9049: $? = 0
configure:9061: result: yes
configure:8973: checking for memmove
configure:9030: gcc -o conftest -g -O2 -INONE   -LNONE conftest.c -lz -lncurses -lX11  >&5
conftest.c:92:6: warning: conflicting types for built-in function 'memmove'; expected 'void *(void *, const void *, long unsigned int)' [-Wbuiltin-declaration-mismatch]
   92 | char memmove ();
      |      ^~~~~~~
conftest.c:79:1: note: 'memmove' is declared in header '<string.h>'
   78 | # include <limits.h>
   79 | #else
configure:9036: $? = 0
configure:9040: test -z 
			 || test ! -s conftest.err
configure:9043: $? = 0
configure:9046: test -s conftest
configure:9049: $? = 0
configure:9061: result: yes
configure:8973: checking for memset
configure:9030: gcc -o conftest -g -O2 -INONE   -LNONE conftest.c -lz -lncurses -lX11  >&5
conftest.c:93:6: warning: conflicting types for built-in function 'memset'; expected 'void *(void *, int,  long unsigned int)' [-Wbuiltin-declaration-mismatch]
   93 | char memset ();
      |      ^~~~~~
conftest.c:80:1: note: 'memset' is declared in header '<string.h>'
   79 | # include <limits.h>
   80 | #else
configure:9036: $? = 0
configure:9040: test -z 
			 || test ! -s conftest.err
configure:9043: $? = 0
configure:9046: test -s conftest
configure:9049: $? = 0
configure:9061: result: yes
configure:8973: checking for mkdir
configure:9030: gcc -o conftest -g -O2 -INONE   -LNONE conftest.c -lz -lncurses -lX11  >&5
configure:9036: $? = 0
configure:9040: test -z 
			 || test ! -s conftest.err
configure:9043: $? = 0
configure:9046: test -s conftest
configure:9049: $? = 0
configure:9061: result: yes
configure:8973: checking for modf
configure:9030: gcc -o conftest -g -O2 -INONE   -LNONE conftest.c -lz -lncurses -lX11  >&5
conftest.c:95:6: warning: conflicting types for built-in function 'modf'; expected 'double(double,  double *)' [-Wbuiltin-declaration-mismatch]
   95 | char modf ();
      |      ^~~~
conftest.c:82:1: note: 'modf' is declared in header '<math.h>'
   81 | # include <limits.h>
   82 | #else
configure:9036: $? = 0
configure:9040: test -z 
			 || test ! -s conftest.err
configure:9043: $? = 0
configure:9046: test -s conftest
configure:9049: $? = 0
configure:9061: result: yes
configure:8973: checking for select
configure:9030: gcc -o conftest -g -O2 -INONE   -LNONE conftest.c -lz -lncurses -lX11  >&5
configure:9036: $? = 0
configure:9040: test -z 
			 || test ! -s conftest.err
configure:9043: $? = 0
configure:9046: test -s conftest
configure:9049: $? = 0
configure:9061: result: yes
configure:8973: checking for setlocale
configure:9030: gcc -o conftest -g -O2 -INONE   -LNONE conftest.c -lz -lncurses -lX11  >&5
configure:9036: $? = 0
configure:9040: test -z 
			 || test ! -s conftest.err
configure:9043: $? = 0
configure:9046: test -s conftest
configure:9049: $? = 0
configure:9061: result: yes
configure:8973: checking for strchr
configure:9030: gcc -o conftest -g -O2 -INONE   -LNONE conftest.c -lz -lncurses -lX11  >&5
conftest.c:98:6: warning: conflicting types for built-in function 'strchr'; expected 'char *(const char *, int)' [-Wbuiltin-declaration-mismatch]
   98 | char strchr ();
      |      ^~~~~~
conftest.c:85:1: note: 'strchr' is declared in header '<string.h>'
   84 | # include <limits.h>
   85 | #else
configure:9036: $? = 0
configure:9040: test -z 
			 || test ! -s conftest.err
configure:9043: $? = 0
configure:9046: test -s conftest
configure:9049: $? = 0
configure:9061: result: yes
configure:8973: checking for strcspn
configure:9030: gcc -o conftest -g -O2 -INONE   -LNONE conftest.c -lz -lncurses -lX11  >&5
conftest.c:99:6: warning: conflicting types for built-in function 'strcspn'; expected 'long unsigned int(const char *, const char *)' [-Wbuiltin-declaration-mismatch]
   99 | char strcspn ();
      |      ^~~~~~~
conftest.c:86:1: note: 'strcspn' is declared in header '<string.h>'
   85 | # include <limits.h>
   86 | #else
configure:9036: $? = 0
configure:9040: test -z 
			 || test ! -s conftest.err
configure:9043: $? = 0
configure:9046: test -s conftest
configure:9049: $? = 0
configure:9061: result: yes
configure:8973: checking for strdup
configure:9030: gcc -o conftest -g -O2 -INONE   -LNONE conftest.c -lz -lncurses -lX11  >&5
conftest.c:100:6: warning: conflicting types for built-in function 'strdup'; expected 'char *(const char *)' [-Wbuiltin-declaration-mismatch]
  100 | char strdup ();
      |      ^~~~~~
configure:9036: $? = 0
configure:9040: test -z 
			 || test ! -s conftest.err
configure:9043: $? = 0
configure:9046: test -s conftest
configure:9049: $? = 0
configure:9061: result: yes
configure:8973: checking for strerror
configure:9030: gcc -o conftest -g -O2 -INONE   -LNONE conftest.c -lz -lncurses -lX11  >&5
configure:9036: $? = 0
configure:9040: test -z 
			 || test ! -s conftest.err
configure:9043: $? = 0
configure:9046: test -s conftest
configure:9049: $? = 0
configure:9061: result: yes
configure:8973: checking for strpbrk
configure:9030: gcc -o conftest -g -O2 -INONE   -LNONE conftest.c -lz -lncurses -lX11  >&5
conftest.c:102:6: warning: conflicting types for built-in function 'strpbrk'; expected 'char *(const char *, const char *)' [-Wbuiltin-declaration-mismatch]
  102 | char strpbrk ();
      |      ^~~~~~~
conftest.c:89:1: note: 'strpbrk' is declared in header '<string.h>'
   88 | # include <limits.h>
   89 | #else
configure:9036: $? = 0
configure:9040: test -z 
			 || test ! -s conftest.err
configure:9043: $? = 0
configure:9046: test -s conftest
configure:9049: $? = 0
configure:9061: result: yes
configure:8973: checking for strrchr
configure:9030: gcc -o conftest -g -O2 -INONE   -LNONE conftest.c -lz -lncurses -lX11  >&5
conftest.c:103:6: warning: conflicting types for built-in function 'strrchr'; expected 'char *(const char *, int)' [-Wbuiltin-declaration-mismatch]
  103 | char strrchr ();
      |      ^~~~~~~
conftest.c:90:1: note: 'strrchr' is declared in header '<string.h>'
   89 | # include <limits.h>
   90 | #else
configure:9036: $? = 0
configure:9040: test -z 
			 || test ! -s conftest.err
configure:9043: $? = 0
configure:9046: test -s conftest
configure:9049: $? = 0
configure:9061: result: yes
configure:8973: checking for strstr
configure:9030: gcc -o conftest -g -O2 -INONE   -LNONE conftest.c -lz -lncurses -lX11  >&5
conftest.c:104:6: warning: conflicting types for built-in function 'strstr'; expected 'char *(const char *, const char *)' [-Wbuiltin-declaration-mismatch]
  104 | char strstr ();
      |      ^~~~~~
conftest.c:91:1: note: 'strstr' is declared in header '<string.h>'
   90 | # include <limits.h>
   91 | #else
configure:9036: $? = 0
configure:9040: test -z 
			 || test ! -s conftest.err
configure:9043: $? = 0
configure:9046: test -s conftest
configure:9049: $? = 0
configure:9061: result: yes
configure:8973: checking for strtol
configure:9030: gcc -o conftest -g -O2 -INONE   -LNONE conftest.c -lz -lncurses -lX11  >&5
configure:9036: $? = 0
configure:9040: test -z 
			 || test ! -s conftest.err
configure:9043: $? = 0
configure:9046: test -s conftest
configure:9049: $? = 0
configure:9061: result: yes
configure:8973: checking for strtoul
configure:9030: gcc -o conftest -g -O2 -INONE   -LNONE conftest.c -lz -lncurses -lX11  >&5
configure:9036: $? = 0
configure:9040: test -z 
			 || test ! -s conftest.err
configure:9043: $? = 0
configure:9046: test -s conftest
configure:9049: $? = 0
configure:9061: result: yes
configure:9077: checking for Tk_SetClassProcs
configure:9134: gcc -o conftest -g -O2 -INONE   -LNONE conftest.c -lz -lncurses -lX11  >&5
/usr/bin/ld: /tmp/ccTrGwfm.o: in function `main':
/home/ryan/Zangband/conftest.c:123:(.text.startup+0x7): undefined reference to `Tk_SetClassProcs'
/usr/bin/ld: /tmp/ccTrGwfm.o:/home/ryan/Zangband/conftest.c:114:(.data.rel+0x0): undefined reference to `Tk_SetClassProcs'
collect2: error: ld returned 1 exit status
configure:9140: $? = 1
configure: failed program was:
| /* confdefs.h.  */
| 
| #define PACKAGE_NAME "Zangband"
| #define PACKAGE_TARNAME "zangband"
| #define PACKAGE_VERSION "2.7.6"
| #define PACKAGE_STRING "Zangband 2.7.6"
| #define PACKAGE_BUGREPORT "jj@jjnoo.com"
| #define USE_X11 1
| #define USE_XPJ 1
| #define USE_GCU 1
| #define STDC_HEADERS 1
| #define HAVE_SYS_TYPES_H 1
| #define HAVE_SYS_STAT_H 1
| #define HAVE_STDLIB_H 1
| #define HAVE_STRING_H 1
| #define HAVE_MEMORY_H 1
| #define HAVE_STRINGS_H 1
| #define HAVE_INTTYPES_H 1
| #define HAVE_STDINT_H 1
| #define HAVE_UNISTD_H 1
| #define USE_64B 1
| #define HAVE_LIBZ 1
| #define STDC_HEADERS 1
| #define HAVE_FCNTL_H 1
| #define HAVE_LIMITS_H 1
| #define HAVE_LOCALE_H 1
| #define HAVE_MEMORY_H 1
| #define HAVE_NETDB_H 1
| #define HAVE_STDDEF_H 1
| #define HAVE_STDINT_H 1
| #define HAVE_STDLIB_H 1
| #define HAVE_STRING_H 1
| #define HAVE_SYS_FILE_H 1
| #define HAVE_SYS_IOCTL_H 1
| #define HAVE_SYS_PARAM_H 1
| #define HAVE_SYS_TIME_H 1
| #define HAVE_SYS_TIMEB_H 1
| #define HAVE_TERMIO_H 1
| #define HAVE_UNISTD_H 1
| #define HAVE_SYS_IPC_H 1
| #define HAVE_SYS_SHM_H 1
| #define HAVE_TERMIOS_H 1
| #define USE_VCS 1
| #define TIME_WITH_SYS_TIME 1
| #define SIZEOF_LONG_INT 8
| #define HAVE_STDLIB_H 1
| #define HAVE_MALLOC 1
| #define HAVE_STDLIB_H 1
| #define HAVE_REALLOC 1
| #define HAVE_SYS_SELECT_H 1
| #define HAVE_SYS_SOCKET_H 1
| #define SELECT_TYPE_ARG1 int
| #define SELECT_TYPE_ARG234 (fd_set *)
| #define SELECT_TYPE_ARG5 (struct timeval *)
| #define RETSIGTYPE void
| #define LSTAT_FOLLOWS_SLASHED_SYMLINK 1
| #define HAVE_STRCOLL 1
| #define HAVE_STRFTIME 1
| #define HAVE_VPRINTF 1
| #define HAVE_STDLIB_H 1
| #define HAVE_UNISTD_H 1
| #define HAVE_GETPAGESIZE 1
| #define HAVE_MMAP 1
| #define HAVE_FTRUNCATE 1
| #define HAVE_GETHOSTNAME 1
| #define HAVE_MEMCHR 1
| #define HAVE_MEMMOVE 1
| #define HAVE_MEMSET 1
| #define HAVE_MKDIR 1
| #define HAVE_MODF 1
| #define HAVE_SELECT 1
| #define HAVE_SETLOCALE 1
| #define HAVE_STRCHR 1
| #define HAVE_STRCSPN 1
| #define HAVE_STRDUP 1
| #define HAVE_STRERROR 1
| #define HAVE_STRPBRK 1
| #define HAVE_STRRCHR 1
| #define HAVE_STRSTR 1
| #define HAVE_STRTOL 1
| #define HAVE_STRTOUL 1
| /* end confdefs.h.  */
| /* Define Tk_SetClassProcs to an innocuous variant, in case <limits.h> declares Tk_SetClassProcs.
|    For example, HP-UX 11i <limits.h> declares gettimeofday.  */
| #define Tk_SetClassProcs innocuous_Tk_SetClassProcs
| 
| /* System header to define __stub macros and hopefully few prototypes,
|     which can conflict with char Tk_SetClassProcs (); below.
|     Prefer <limits.h> to <assert.h> if __STDC__ is defined, since
|     <limits.h> exists even on freestanding compilers.  */
| 
| #ifdef __STDC__
| # include <limits.h>
| #else
| # include <assert.h>
| #endif
| 
| #undef Tk_SetClassProcs
| 
| /* Override any gcc2 internal prototype to avoid an error.  */
| #ifdef __cplusplus
| extern "C"
| {
| #endif
| /* We use char because int might match the return type of a gcc2
|    builtin and then its argument prototype would still apply.  */
| char Tk_SetClassProcs ();
| /* The GNU C library defines this for functions which it implements
|     to always fail with ENOSYS.  Some functions are actually named
|     something starting with __ and the normal name is an alias.  */
| #if defined (__stub_Tk_SetClassProcs) || defined (__stub___Tk_SetClassProcs)
| choke me
| #else
| char (*f) () = Tk_SetClassProcs;
| #endif
| #ifdef __cplusplus
| }
| #endif
| 
| int
| main ()
| {
| return f != Tk_SetClassProcs;
|   ;
|   return 0;
| }
configure:9165: result: no
configure:9077: checking for TkpSync
configure:9134: gcc -o conftest -g -O2 -INONE   -LNONE conftest.c -lz -lncurses -lX11  >&5
/usr/bin/ld: /tmp/ccGe8iGY.o: in function `main':
/home/ryan/Zangband/conftest.c:123:(.text.startup+0x7): undefined reference to `TkpSync'
/usr/bin/ld: /tmp/ccGe8iGY.o:/home/ryan/Zangband/conftest.c:114:(.data.rel+0x0): undefined reference to `TkpSync'
collect2: error: ld returned 1 exit status
configure:9140: $? = 1
configure: failed program was:
| /* confdefs.h.  */
| 
| #define PACKAGE_NAME "Zangband"
| #define PACKAGE_TARNAME "zangband"
| #define PACKAGE_VERSION "2.7.6"
| #define PACKAGE_STRING "Zangband 2.7.6"
| #define PACKAGE_BUGREPORT "jj@jjnoo.com"
| #define USE_X11 1
| #define USE_XPJ 1
| #define USE_GCU 1
| #define STDC_HEADERS 1
| #define HAVE_SYS_TYPES_H 1
| #define HAVE_SYS_STAT_H 1
| #define HAVE_STDLIB_H 1
| #define HAVE_STRING_H 1
| #define HAVE_MEMORY_H 1
| #define HAVE_STRINGS_H 1
| #define HAVE_INTTYPES_H 1
| #define HAVE_STDINT_H 1
| #define HAVE_UNISTD_H 1
| #define USE_64B 1
| #define HAVE_LIBZ 1
| #define STDC_HEADERS 1
| #define HAVE_FCNTL_H 1
| #define HAVE_LIMITS_H 1
| #define HAVE_LOCALE_H 1
| #define HAVE_MEMORY_H 1
| #define HAVE_NETDB_H 1
| #define HAVE_STDDEF_H 1
| #define HAVE_STDINT_H 1
| #define HAVE_STDLIB_H 1
| #define HAVE_STRING_H 1
| #define HAVE_SYS_FILE_H 1
| #define HAVE_SYS_IOCTL_H 1
| #define HAVE_SYS_PARAM_H 1
| #define HAVE_SYS_TIME_H 1
| #define HAVE_SYS_TIMEB_H 1
| #define HAVE_TERMIO_H 1
| #define HAVE_UNISTD_H 1
| #define HAVE_SYS_IPC_H 1
| #define HAVE_SYS_SHM_H 1
| #define HAVE_TERMIOS_H 1
| #define USE_VCS 1
| #define TIME_WITH_SYS_TIME 1
| #define SIZEOF_LONG_INT 8
| #define HAVE_STDLIB_H 1
| #define HAVE_MALLOC 1
| #define HAVE_STDLIB_H 1
| #define HAVE_REALLOC 1
| #define HAVE_SYS_SELECT_H 1
| #define HAVE_SYS_SOCKET_H 1
| #define SELECT_TYPE_ARG1 int
| #define SELECT_TYPE_ARG234 (fd_set *)
| #define SELECT_TYPE_ARG5 (struct timeval *)
| #define RETSIGTYPE void
| #define LSTAT_FOLLOWS_SLASHED_SYMLINK 1
| #define HAVE_STRCOLL 1
| #define HAVE_STRFTIME 1
| #define HAVE_VPRINTF 1
| #define HAVE_STDLIB_H 1
| #define HAVE_UNISTD_H 1
| #define HAVE_GETPAGESIZE 1
| #define HAVE_MMAP 1
| #define HAVE_FTRUNCATE 1
| #define HAVE_GETHOSTNAME 1
| #define HAVE_MEMCHR 1
| #define HAVE_MEMMOVE 1
| #define HAVE_MEMSET 1
| #define HAVE_MKDIR 1
| #define HAVE_MODF 1
| #define HAVE_SELECT 1
| #define HAVE_SETLOCALE 1
| #define HAVE_STRCHR 1
| #define HAVE_STRCSPN 1
| #define HAVE_STRDUP 1
| #define HAVE_STRERROR 1
| #define HAVE_STRPBRK 1
| #define HAVE_STRRCHR 1
| #define HAVE_STRSTR 1
| #define HAVE_STRTOL 1
| #define HAVE_STRTOUL 1
| /* end confdefs.h.  */
| /* Define TkpSync to an innocuous variant, in case <limits.h> declares TkpSync.
|    For example, HP-UX 11i <limits.h> declares gettimeofday.  */
| #define TkpSync innocuous_TkpSync
| 
| /* System header to define __stub macros and hopefully few prototypes,
|     which can conflict with char TkpSync (); below.
|     Prefer <limits.h> to <assert.h> if __STDC__ is defined, since
|     <limits.h> exists even on freestanding compilers.  */
| 
| #ifdef __STDC__
| # include <limits.h>
| #else
| # include <assert.h>
| #endif
| 
| #undef TkpSync
| 
| /* Override any gcc2 internal prototype to avoid an error.  */
| #ifdef __cplusplus
| extern "C"
| {
| #endif
| /* We use char because int might match the return type of a gcc2
|    builtin and then its argument prototype would still apply.  */
| char TkpSync ();
| /* The GNU C library defines this for functions which it implements
|     to always fail with ENOSYS.  Some functions are actually named
|     something starting with __ and the normal name is an alias.  */
| #if defined (__stub_TkpSync) || defined (__stub___TkpSync)
| choke me
| #else
| char (*f) () = TkpSync;
| #endif
| #ifdef __cplusplus
| }
| #endif
| 
| int
| main ()
| {
| return f != TkpSync;
|   ;
|   return 0;
| }
configure:9165: result: no
configure:9183: checking for mkstemp
configure:9240: gcc -o conftest -g -O2 -INONE   -LNONE conftest.c -lz -lncurses -lX11  >&5
configure:9246: $? = 0
configure:9250: test -z 
			 || test ! -s conftest.err
configure:9253: $? = 0
configure:9256: test -s conftest
configure:9259: $? = 0
configure:9271: result: yes
configure:9183: checking for usleep
configure:9240: gcc -o conftest -g -O2 -INONE   -LNONE conftest.c -lz -lncurses -lX11  >&5
configure:9246: $? = 0
configure:9250: test -z 
			 || test ! -s conftest.err
configure:9253: $? = 0
configure:9256: test -s conftest
configure:9259: $? = 0
configure:9271: result: yes
configure:9183: checking for getpwuid
configure:9240: gcc -o conftest -g -O2 -INONE   -LNONE conftest.c -lz -lncurses -lX11  >&5
configure:9246: $? = 0
configure:9250: test -z 
			 || test ! -s conftest.err
configure:9253: $? = 0
configure:9256: test -s conftest
configure:9259: $? = 0
configure:9271: result: yes
configure:9183: checking for getpwnam
configure:9240: gcc -o conftest -g -O2 -INONE   -LNONE conftest.c -lz -lncurses -lX11  >&5
configure:9246: $? = 0
configure:9250: test -z 
			 || test ! -s conftest.err
configure:9253: $? = 0
configure:9256: test -s conftest
configure:9259: $? = 0
configure:9271: result: yes
configure:9183: checking for shmget
configure:9240: gcc -o conftest -g -O2 -INONE   -LNONE conftest.c -lz -lncurses -lX11  >&5
configure:9246: $? = 0
configure:9250: test -z 
			 || test ! -s conftest.err
configure:9253: $? = 0
configure:9256: test -s conftest
configure:9259: $? = 0
configure:9271: result: yes
configure:9285: checking whether gcc accepts -pedantic
configure:9297: result: yes
configure:9304: checking whether gcc accepts -W
configure:9316: result: yes
configure:9323: checking whether gcc accepts -Wall
configure:9335: result: yes
configure:9342: checking whether gcc accepts -Wmissing-prototypes
configure:9354: result: yes
configure:9361: checking whether gcc accepts -Wmissing-declarations
configure:9373: result: yes
configure:9380: checking whether gcc accepts -Wno-long-long
configure:9392: result: yes
configure:9399: checking whether gcc accepts -Wwrite-strings
configure:9411: result: yes
configure:9418: checking whether gcc accepts -Wpointer-arith
configure:9430: result: yes
configure:9437: checking whether gcc accepts -Wbad-function-cast
configure:9449: result: yes
configure:9456: checking whether gcc accepts -Waggregate-return
configure:9468: result: yes
configure:9475: checking whether gcc accepts -Wstrict-prototypes
configure:9487: result: yes
configure:9494: checking whether gcc accepts -Wredundant-decls
configure:9506: result: yes
configure:9513: checking whether gcc accepts -Wchar-subscripts
configure:9525: result: yes
configure:9532: checking whether gcc accepts -Wimplicit
configure:9544: result: yes
configure:9551: checking whether gcc accepts -Wparentheses
configure:9563: result: yes
configure:9570: checking whether gcc accepts -Wsequence-point
configure:9582: result: yes
configure:9589: checking whether gcc accepts -Wreturn-type
configure:9601: result: yes
configure:9608: checking whether gcc accepts -Wswitch
configure:9620: result: yes
configure:9627: checking whether gcc accepts -Wunused
configure:9639: result: yes
configure:9646: checking whether gcc accepts -Wuninitialized
configure:9658: result: yes
configure:9665: checking whether gcc accepts -Wundef
configure:9677: result: yes
configure:9684: checking whether gcc accepts -Wnested-externs
configure:9696: result: yes
configure:9703: checking whether gcc accepts -Wdeclaration-after-statement
configure:9715: result: yes
configure:9722: checking whether gcc accepts -Wsign-compare
configure:9734: result: yes
configure:9839: creating ./config.status

## ---------------------- ##
## Running config.status. ##
## ---------------------- ##

This file was extended by Zangband config.status 2.7.6, which was
generated by GNU Autoconf 2.59.  Invocation command line was

  CONFIG_FILES    = 
  CONFIG_HEADERS  = 
  CONFIG_LINKS    = 
  CONFIG_COMMANDS = 
  $ ./config.status 

on elysium

config.status:645: creating makefile
config.status:748: creating src/autoconf.h
config.status:1024: src/autoconf.h is unchanged

## ---------------- ##
## Cache variables. ##
## ---------------- ##

ac_cv_c_compiler_gnu=yes
ac_cv_c_const=yes
ac_cv_env_CC_set=
ac_cv_env_CC_value=
ac_cv_env_CFLAGS_set=
ac_cv_env_CFLAGS_value=
ac_cv_env_CPPFLAGS_set=
ac_cv_env_CPPFLAGS_value=
ac_cv_env_CPP_set=
ac_cv_env_CPP_value=
ac_cv_env_LDFLAGS_set=
ac_cv_env_LDFLAGS_value=
ac_cv_env_build_alias_set=
ac_cv_env_build_alias_value=
ac_cv_env_host_alias_set=
ac_cv_env_host_alias_value=
ac_cv_env_target_alias_set=
ac_cv_env_target_alias_value=
ac_cv_exeext=
ac_cv_func_Tk_SetClassProcs=no
ac_cv_func_TkpSync=no
ac_cv_func__doprnt=no
ac_cv_func_floor=no
ac_cv_func_ftruncate=yes
ac_cv_func_gethostname=yes
ac_cv_func_getpagesize=yes
ac_cv_func_getpwnam=yes
ac_cv_func_getpwuid=yes
ac_cv_func_lstat_dereferences_slashed_symlink=yes
ac_cv_func_malloc_0_nonnull=yes
ac_cv_func_memchr=yes
ac_cv_func_memcmp_working=yes
ac_cv_func_memmove=yes
ac_cv_func_memset=yes
ac_cv_func_mkdir=yes
ac_cv_func_mkstemp=yes
ac_cv_func_mmap_fixed_mapped=yes
ac_cv_func_modf=yes
ac_cv_func_realloc_0_nonnull=yes
ac_cv_func_select=yes
ac_cv_func_select_args='int,fd_set *,struct timeval *'
ac_cv_func_setlocale=yes
ac_cv_func_shmget=yes
ac_cv_func_stat_empty_string_bug=no
ac_cv_func_strchr=yes
ac_cv_func_strcoll_works=yes
ac_cv_func_strcspn=yes
ac_cv_func_strdup=yes
ac_cv_func_strerror=yes
ac_cv_func_strftime=yes
ac_cv_func_strpbrk=yes
ac_cv_func_strrchr=yes
ac_cv_func_strstr=yes
ac_cv_func_strtol=yes
ac_cv_func_strtoul=yes
ac_cv_func_usleep=yes
ac_cv_func_vprintf=yes
ac_cv_have_x=have_x=no
ac_cv_header_fcntl_h=yes
ac_cv_header_inttypes_h=yes
ac_cv_header_limits_h=yes
ac_cv_header_locale_h=yes
ac_cv_header_memory_h=yes
ac_cv_header_netdb_h=yes
ac_cv_header_stdc=yes
ac_cv_header_stddef_h=yes
ac_cv_header_stdint_h=yes
ac_cv_header_stdlib_h=yes
ac_cv_header_string_h=yes
ac_cv_header_strings_h=yes
ac_cv_header_sys_file_h=yes
ac_cv_header_sys_ioctl_h=yes
ac_cv_header_sys_ipc_h=yes
ac_cv_header_sys_param_h=yes
ac_cv_header_sys_select_h=yes
ac_cv_header_sys_shm_h=yes
ac_cv_header_sys_socket_h=yes
ac_cv_header_sys_stat_h=yes
ac_cv_header_sys_time_h=yes
ac_cv_header_sys_timeb_h=yes
ac_cv_header_sys_types_h=yes
ac_cv_header_termio_h=yes
ac_cv_header_termios_h=yes
ac_cv_header_time=yes
ac_cv_header_unistd_h=yes
ac_cv_lib_Gn_main=no
ac_cv_lib_ICE_main=no
ac_cv_lib_SM_main=no
ac_cv_lib_Xext_main=no
ac_cv_lib_Xm_main=no
ac_cv_lib_Xmu_main=no
ac_cv_lib_Xpm_main=no
ac_cv_lib_Xt_main=no
ac_cv_lib_bsd_main=no
ac_cv_lib_cposix_main=no
ac_cv_lib_error_at_line=yes
ac_cv_lib_inet_main=no
ac_cv_lib_nsl_s_main=no
ac_cv_lib_rpcsvc_main=no
ac_cv_lib_sun_main=no
ac_cv_lib_video_main=no
ac_cv_lib_winmm_main=no
ac_cv_lib_z_main=yes
ac_cv_objext=o
ac_cv_prog_CPP='gcc -E'
ac_cv_prog_ac_ct_CC=gcc
ac_cv_prog_cc_g=yes
ac_cv_prog_cc_stdc=
ac_cv_prog_egrep='grep -E'
ac_cv_prog_gcc_traditional=no
ac_cv_search_Tcl_Init=no
ac_cv_search_XCreateImage=-lX11
ac_cv_search_XawInitializeWidgetSet=no
ac_cv_search_gtk_init_check=no
ac_cv_search_initscr=-lncurses
ac_cv_sizeof_long_int=8
ac_cv_struct_tm=time.h
ac_cv_type_long_int=yes
ac_cv_type_signal=void
ac_cv_type_size_t=yes
zangband_cv_cflag__W=yes
zangband_cv_cflag__Waggregate_return=yes
zangband_cv_cflag__Wall=yes
zangband_cv_cflag__Wbad_function_cast=yes
zangband_cv_cflag__Wchar_subscripts=yes
zangband_cv_cflag__Wdeclaration_after_statement=yes
zangband_cv_cflag__Wimplicit=yes
zangband_cv_cflag__Wmissing_declarations=yes
zangband_cv_cflag__Wmissing_prototypes=yes
zangband_cv_cflag__Wnested_externs=yes
zangband_cv_cflag__Wno_long_long=yes
zangband_cv_cflag__Wparentheses=yes
zangband_cv_cflag__Wpointer_arith=yes
zangband_cv_cflag__Wredundant_decls=yes
zangband_cv_cflag__Wreturn_type=yes
zangband_cv_cflag__Wsequence_point=yes
zangband_cv_cflag__Wsign_compare=yes
zangband_cv_cflag__Wstrict_prototypes=yes
zangband_cv_cflag__Wswitch=yes
zangband_cv_cflag__Wundef=yes
zangband_cv_cflag__Wuninitialized=yes
zangband_cv_cflag__Wunused=yes
zangband_cv_cflag__Wwrite_strings=yes
zangband_cv_cflag__pedantic=yes

## ----------------- ##
## Output variables. ##
## ----------------- ##

CC='gcc'
CFLAGS='-Wsign-compare -Wdeclaration-after-statement -Wnested-externs -Wundef -Wuninitialized -Wunused -Wswitch -Wreturn-type -Wsequence-point -Wparentheses -Wimplicit -Wchar-subscripts -Wredundant-decls -Wstrict-prototypes -Waggregate-return -Wbad-function-cast -Wpointer-arith -Wwrite-strings -Wno-long-long -Wmissing-declarations -Wmissing-prototypes -Wall -W -pedantic -g -O2'
CPP='gcc -E'
CPPFLAGS='-INONE '
DEFS='-DHAVE_CONFIG_H'
ECHO_C=''
ECHO_N='-n'
ECHO_T=''
EGREP='grep -E'
EXEEXT=''
GAMEGROUP='games'
GTK_CONFIG='no'
LDFLAGS=' -LNONE'
LIBOBJS=''
LIBS='-lz -lncurses -lX11 '
LTLIBOBJS=''
OBJEXT='o'
PACKAGE_BUGREPORT='jj@jjnoo.com'
PACKAGE_NAME='Zangband'
PACKAGE_STRING='Zangband 2.7.6'
PACKAGE_TARNAME='zangband'
PACKAGE_VERSION='2.7.6'
PATH_SEPARATOR=':'
SHELL='/bin/bash'
TK_PORT=''
ac_ct_CC='gcc'
bindir='${exec_prefix}/bin'
build_alias=''
cygwin=''
datadir='${prefix}/share'
exec_prefix='${prefix}'
host_alias=''
includedir='${prefix}/include'
infodir='${prefix}/info'
libdir='${exec_prefix}/lib'
libexecdir='${exec_prefix}/libexec'
localstatedir='${prefix}/var'
mandir='${prefix}/man'
oldincludedir='/usr/include'
prefix='/usr/local'
program_transform_name='s,x,x,'
sbindir='${exec_prefix}/sbin'
sharedstatedir='${prefix}/com'
sysconfdir='${prefix}/etc'
target_alias=''

## ----------- ##
## confdefs.h. ##
## ----------- ##

#define HAVE_FCNTL_H 1
#define HAVE_FTRUNCATE 1
#define HAVE_GETHOSTNAME 1
#define HAVE_GETPAGESIZE 1
#define HAVE_GETPWNAM 1
#define HAVE_GETPWUID 1
#define HAVE_INTTYPES_H 1
#define HAVE_LIBZ 1
#define HAVE_LIMITS_H 1
#define HAVE_LOCALE_H 1
#define HAVE_MALLOC 1
#define HAVE_MEMCHR 1
#define HAVE_MEMMOVE 1
#define HAVE_MEMORY_H 1
#define HAVE_MEMORY_H 1
#define HAVE_MEMSET 1
#define HAVE_MKDIR 1
#define HAVE_MKSTEMP 1
#define HAVE_MMAP 1
#define HAVE_MODF 1
#define HAVE_NETDB_H 1
#define HAVE_REALLOC 1
#define HAVE_SELECT 1
#define HAVE_SETLOCALE 1
#define HAVE_SHMGET 1
#define HAVE_STDDEF_H 1
#define HAVE_STDINT_H 1
#define HAVE_STDINT_H 1
#define HAVE_STDLIB_H 1
#define HAVE_STDLIB_H 1
#define HAVE_STDLIB_H 1
#define HAVE_STDLIB_H 1
#define HAVE_STDLIB_H 1
#define HAVE_STRCHR 1
#define HAVE_STRCOLL 1
#define HAVE_STRCSPN 1
#define HAVE_STRDUP 1
#define HAVE_STRERROR 1
#define HAVE_STRFTIME 1
#define HAVE_STRINGS_H 1
#define HAVE_STRING_H 1
#define HAVE_STRING_H 1
#define HAVE_STRPBRK 1
#define HAVE_STRRCHR 1
#define HAVE_STRSTR 1
#define HAVE_STRTOL 1
#define HAVE_STRTOUL 1
#define HAVE_SYS_FILE_H 1
#define HAVE_SYS_IOCTL_H 1
#define HAVE_SYS_IPC_H 1
#define HAVE_SYS_PARAM_H 1
#define HAVE_SYS_SELECT_H 1
#define HAVE_SYS_SHM_H 1
#define HAVE_SYS_SOCKET_H 1
#define HAVE_SYS_STAT_H 1
#define HAVE_SYS_TIMEB_H 1
#define HAVE_SYS_TIME_H 1
#define HAVE_SYS_TYPES_H 1
#define HAVE_TERMIOS_H 1
#define HAVE_TERMIO_H 1
#define HAVE_UNISTD_H 1
#define HAVE_UNISTD_H 1
#define HAVE_UNISTD_H 1
#define HAVE_USLEEP 1
#define HAVE_VPRINTF 1
#define LSTAT_FOLLOWS_SLASHED_SYMLINK 1
#define PACKAGE_BUGREPORT "jj@jjnoo.com"
#define PACKAGE_NAME "Zangband"
#define PACKAGE_STRING "Zangband 2.7.6"
#define PACKAGE_TARNAME "zangband"
#define PACKAGE_VERSION "2.7.6"
#define RETSIGTYPE void
#define SELECT_TYPE_ARG1 int
#define SELECT_TYPE_ARG234 (fd_set *)
#define SELECT_TYPE_ARG5 (struct timeval *)
#define SIZEOF_LONG_INT 8
#define STDC_HEADERS 1
#define STDC_HEADERS 1
#define TIME_WITH_SYS_TIME 1
#define USE_64B 1
#define USE_GCU 1
#define USE_VCS 1
#define USE_X11 1
#define USE_XPJ 1

configure: exit 0
